Component: ARM Compiler 5.06 update 6 (build 750) Tool: armlink [4d35ed]

==============================================================================

Section Cross References

    main.o(i.UART2_IRQHandler) refers to rtx_evflags.o(.text.osEventFlagsSet) for osEventFlagsSet
    main.o(i.UART2_IRQHandler) refers to main.o(.data) for rx_data
    main.o(i.initUart) refers to aeabi_sdiv.o(.text) for __aeabi_uidivmod
    main.o(i.initUart) refers to main.o(i.__NVIC_SetPriority) for __NVIC_SetPriority
    main.o(i.leftPwmThread) refers to rtx_evflags.o(.text.osEventFlagsWait) for osEventFlagsWait
    main.o(i.leftPwmThread) refers to rtx_mutex.o(.text.osMutexAcquire) for osMutexAcquire
    main.o(i.leftPwmThread) refers to fflti.o(.text) for __aeabi_i2f
    main.o(i.leftPwmThread) refers to fdiv.o(.text) for __aeabi_fdiv
    main.o(i.leftPwmThread) refers to rtx_mutex.o(.text.osMutexRelease) for osMutexRelease
    main.o(i.leftPwmThread) refers to main.o(i.setMotorLeftPWM) for setMotorLeftPWM
    main.o(i.leftPwmThread) refers to main.o(.data) for newPwmValueFlag
    main.o(i.main) refers to main.o(i.initUart) for initUart
    main.o(i.main) refers to system_mkl25z4.o(i.SystemCoreClockUpdate) for SystemCoreClockUpdate
    main.o(i.main) refers to main.o(i.initPwm) for initPwm
    main.o(i.main) refers to rtx_kernel.o(.text.osKernelInitialize) for osKernelInitialize
    main.o(i.main) refers to rtx_mutex.o(.text.osMutexNew) for osMutexNew
    main.o(i.main) refers to rtx_evflags.o(.text.osEventFlagsNew) for osEventFlagsNew
    main.o(i.main) refers to rtx_thread.o(.text.osThreadNew) for osThreadNew
    main.o(i.main) refers to rtx_kernel.o(.text.osKernelStart) for osKernelStart
    main.o(i.main) refers to main.o(.data) for leftPwmValueMutex
    main.o(i.main) refers to main.o(i.packetThread) for packetThread
    main.o(i.main) refers to main.o(i.rightPwmThread) for rightPwmThread
    main.o(i.main) refers to main.o(i.leftPwmThread) for leftPwmThread
    main.o(i.packetThread) refers to rtx_evflags.o(.text.osEventFlagsWait) for osEventFlagsWait
    main.o(i.packetThread) refers to main.o(i.processPacket) for processPacket
    main.o(i.packetThread) refers to main.o(.data) for newPacketFlag
    main.o(i.processPacket) refers to rtx_mutex.o(.text.osMutexAcquire) for osMutexAcquire
    main.o(i.processPacket) refers to rtx_evflags.o(.text.osEventFlagsSet) for osEventFlagsSet
    main.o(i.processPacket) refers to rtx_mutex.o(.text.osMutexRelease) for osMutexRelease
    main.o(i.processPacket) refers to main.o(.data) for rx_data
    main.o(i.rightPwmThread) refers to rtx_evflags.o(.text.osEventFlagsWait) for osEventFlagsWait
    main.o(i.rightPwmThread) refers to rtx_mutex.o(.text.osMutexAcquire) for osMutexAcquire
    main.o(i.rightPwmThread) refers to fflti.o(.text) for __aeabi_i2f
    main.o(i.rightPwmThread) refers to fdiv.o(.text) for __aeabi_fdiv
    main.o(i.rightPwmThread) refers to rtx_mutex.o(.text.osMutexRelease) for osMutexRelease
    main.o(i.rightPwmThread) refers to main.o(i.setMotorRightPWM) for setMotorRightPWM
    main.o(i.rightPwmThread) refers to main.o(.data) for newPwmValueFlag
    main.o(i.setMotorLeftPWM) refers to flef.o(x$fpl$fleqf) for __aeabi_cfcmple
    main.o(i.setMotorLeftPWM) refers to fflti.o(.text) for __aeabi_ui2f
    main.o(i.setMotorLeftPWM) refers to fmul.o(x$fpl$fmul) for __aeabi_fmul
    main.o(i.setMotorLeftPWM) refers to ffixui.o(.text) for __aeabi_f2uiz
    main.o(i.setMotorRightPWM) refers to flef.o(x$fpl$fleqf) for __aeabi_cfcmple
    main.o(i.setMotorRightPWM) refers to fflti.o(.text) for __aeabi_ui2f
    main.o(i.setMotorRightPWM) refers to fmul.o(x$fpl$fmul) for __aeabi_fmul
    main.o(i.setMotorRightPWM) refers to ffixui.o(.text) for __aeabi_f2uiz
    rtx_lib.o(i.__user_perthread_libspace) refers to rtx_lib.o(i.os_kernel_is_active) for os_kernel_is_active
    rtx_lib.o(i.__user_perthread_libspace) refers to rtx_thread.o(.text.osThreadGetId) for osThreadGetId
    rtx_lib.o(i.__user_perthread_libspace) refers to rtx_config.o(i.osRtxErrorNotify) for osRtxErrorNotify
    rtx_lib.o(i.__user_perthread_libspace) refers to rtx_lib.o(.bss.os.libspace) for os_libspace_id
    rtx_lib.o(i._mutex_acquire) refers to rtx_lib.o(i.os_kernel_is_active) for os_kernel_is_active
    rtx_lib.o(i._mutex_acquire) refers to rtx_mutex.o(.text.osMutexAcquire) for osMutexAcquire
    rtx_lib.o(i._mutex_free) refers to rtx_mutex.o(.text.osMutexDelete) for osMutexDelete
    rtx_lib.o(i._mutex_initialize) refers to rtx_mutex.o(.text.osMutexNew) for osMutexNew
    rtx_lib.o(i._mutex_initialize) refers to rtx_config.o(i.osRtxErrorNotify) for osRtxErrorNotify
    rtx_lib.o(i._mutex_release) refers to rtx_lib.o(i.os_kernel_is_active) for os_kernel_is_active
    rtx_lib.o(i._mutex_release) refers to rtx_mutex.o(.text.osMutexRelease) for osMutexRelease
    rtx_lib.o(i._platform_post_stackheap_init) refers to rtx_kernel.o(.text.osKernelInitialize) for osKernelInitialize
[...]
    ../clib/signal.c                         0x00000000   Number         0  defsig_rtmem_inner.o ABSOLUTE
    ../clib/signal.c                         0x00000000   Number         0  defsig_rtred_inner.o ABSOLUTE
    ../clib/signal.c                         0x00000000   Number         0  defsig_abrt_inner.o ABSOLUTE
    ../clib/signal.c                         0x00000000   Number         0  defsig_general.o ABSOLUTE
    ../clib/signal.c                         0x00000000   Number         0  __raise.o ABSOLUTE
    ../clib/signal.c                         0x00000000   Number         0  defsig_fpe_inner.o ABSOLUTE
    ../clib/signal.c                         0x00000000   Number         0  defsig_fpe_outer.o ABSOLUTE
    ../clib/signal.c                         0x00000000   Number         0  defsig_other.o ABSOLUTE
    ../clib/signal.c                         0x00000000   Number         0  defsig_segv_inner.o ABSOLUTE
    ../clib/signal.s                         0x00000000   Number         0  defsig.o ABSOLUTE
    ../clib/stdlib.c                         0x00000000   Number         0  exit.o ABSOLUTE
    ../fplib/cfplib/cmpret.c                 0x00000000   Number         0  cmpret.o ABSOLUTE
    ../fplib/cfplib/fcmpin.c                 0x00000000   Number         0  fcmpin.o ABSOLUTE
    ../fplib/cfplib/fdiv.c                   0x00000000   Number         0  fdiv.o ABSOLUTE
    ../fplib/cfplib/ffix.c                   0x00000000   Number         0  ffixui.o ABSOLUTE
    ../fplib/cfplib/fflt.c                   0x00000000   Number         0  fflti.o ABSOLUTE
    ../fplib/cfplib/fpinit.c                 0x00000000   Number         0  fpinit.o ABSOLUTE
    ../fplib/cfplib/nan2.c                   0x00000000   Number         0  fnan2.o ABSOLUTE
    ../fplib/cfplib/retnan.c                 0x00000000   Number         0  retnan.o ABSOLUTE
    ../fplib/fleqf6m.s                       0x00000000   Number         0  flef.o ABSOLUTE
    ../fplib/fmul6m.s                        0x00000000   Number         0  fmul.o ABSOLUTE
    ../fplib/usenofp.s                       0x00000000   Number         0  usenofp.o ABSOLUTE
    ..\..\..\Source\ARM\irq_cm0.s            0x00000000   Number         0  irq_cm0.o ABSOLUTE
    C:\Users\bucks\AppData\Local\Arm\Packs\ARM\CMSIS\5.6.0\CMSIS\RTOS2\RTX\Source\rtx_lib.c 0x00000000   Number         0  rtx_lib.o ABSOLUTE
    C:\\Users\\bucks\\AppData\\Local\\Arm\\Packs\\ARM\\CMSIS\\5.6.0\\CMSIS\\RTOS2\\RTX\\Source\\rtx_lib.c 0x00000000   Number         0  rtx_lib.o ABSOLUTE
    RTE\CMSIS\RTX_Config.c                   0x00000000   Number         0  rtx_config.o ABSOLUTE
    RTE\Device\MKL25Z128xxx4\startup_MKL25Z4.s 0x00000000   Number         0  startup_mkl25z4.o ABSOLUTE
    RTE\Device\MKL25Z128xxx4\system_MKL25Z4.c 0x00000000   Number         0  system_mkl25z4.o ABSOLUTE
    RTE\\CMSIS\\RTX_Config.c                 0x00000000   Number         0  rtx_config.o ABSOLUTE
    RTE\\Device\\MKL25Z128xxx4\\system_MKL25Z4.c 0x00000000   Number         0  system_mkl25z4.o ABSOLUTE
    dc.s                                     0x00000000   Number         0  dc.o ABSOLUTE
    main.c                                   0x00000000   Number         0  main.o ABSOLUTE
    main.c                                   0x00000000   Number         0  main.o ABSOLUTE
    os_systick.c                             0x00000000   Number         0  os_systick.o ABSOLUTE
    rtx_evflags.c                            0x00000000   Number         0  rtx_evflags.o ABSOLUTE
    rtx_kernel.c                             0x00000000   Number         0  rtx_kernel.o ABSOLUTE
    rtx_memory.c                             0x00000000   Number         0  rtx_memory.o ABSOLUTE
    rtx_mempool.c                            0x00000000   Number         0  rtx_mempool.o ABSOLUTE
    rtx_msgqueue.c                           0x00000000   Number         0  rtx_msgqueue.o ABSOLUTE
    rtx_mutex.c                              0x00000000   Number         0  rtx_mutex.o ABSOLUTE
    rtx_system.c                             0x00000000   Number         0  rtx_system.o ABSOLUTE
    rtx_thread.c                             0x00000000   Number         0  rtx_thread.o ABSOLUTE
    rtx_timer.c                              0x00000000   Number         0  rtx_timer.o ABSOLUTE
    !!!main                                  0x000000c0   Section        8  __main.o(!!!main)
    !!!scatter                               0x000000c8   Section       60  __scatter.o(!!!scatter)
    !!handler_zi                             0x00000104   Section       28  __scatter_zi.o(!!handler_zi)
    .ARM.Collect$$libinit$$00000000          0x00000120   Section        2  libinit.o(.ARM.Collect$$libinit$$00000000)
    .ARM.Collect$$libinit$$00000002          0x00000122   Section        0  libinit2.o(.ARM.Collect$$libinit$$00000002)
    .ARM.Collect$$libinit$$00000004          0x00000122   Section        0  libinit2.o(.ARM.Collect$$libinit$$00000004)
    .ARM.Collect$$libinit$$0000000A          0x00000122   Section        0  libinit2.o(.ARM.Collect$$libinit$$0000000A)
    .ARM.Collect$$libinit$$0000000C          0x00000122   Section        0  libinit2.o(.ARM.Collect$$libinit$$0000000C)
    .ARM.Collect$$libinit$$0000000E          0x00000122   Section        0  libinit2.o(.ARM.Collect$$libinit$$0000000E)
    .ARM.Collect$$libinit$$00000011          0x00000122   Section        0  libinit2.o(.ARM.Collect$$libinit$$00000011)
    .ARM.Collect$$libinit$$00000013          0x00000122   Section        0  libinit2.o(.ARM.Collect$$libinit$$00000013)
    .ARM.Collect$$libinit$$00000015          0x00000122   Section        0  libinit2.o(.ARM.Collect$$libinit$$00000015)
    .ARM.Collect$$libinit$$00000017          0x00000122   Section        0  libinit2.o(.ARM.Collect$$libinit$$00000017)
    .ARM.Collect$$libinit$$00000019          0x00000122   Section        0  libinit2.o(.ARM.Collect$$libinit$$00000019)
    .ARM.Collect$$libinit$$0000001B          0x00000122   Section        0  libinit2.o(.ARM.Collect$$libinit$$0000001B)
    .ARM.Collect$$libinit$$0000001D          0x00000122   Section        0  libinit2.o(.ARM.Collect$$libinit$$0000001D)
    .ARM.Collect$$libinit$$0000001F          0x00000122   Section        0  libinit2.o(.ARM.Collect$$libinit$$0000001F)
    .ARM.Collect$$libinit$$00000021          0x00000122   Section        0  libinit2.o(.ARM.Collect$$libinit$$00000021)
    .ARM.Collect$$libinit$$00000023          0x00000122   Section        0  libinit2.o(.ARM.Collect$$libinit$$00000023)
    .ARM.Collect$$libinit$$00000025          0x00000122   Section        0  libinit2.o(.ARM.Collect$$libinit$$00000025)
    .ARM.Collect$$libinit$$0000002C          0x00000122   Section        0  libinit2.o(.ARM.Collect$$libinit$$0000002C)
    .ARM.Collect$$libinit$$0000002E          0x00000122   Section        0  libinit2.o(.ARM.Collect$$libinit$$0000002E)
    .ARM.Collect$$libinit$$00000030          0x00000122   Section        0  libinit2.o(.ARM.Collect$$libinit$$00000030)
    .ARM.Collect$$libinit$$00000032          0x00000122   Section        0  libinit2.o(.ARM.Collect$$libinit$$00000032)
    .ARM.Collect$$libinit$$00000033          0x00000122   Section        2  libinit2.o(.ARM.Collect$$libinit$$00000033)
    .ARM.Collect$$libshutdown$$00000000      0x00000124   Section        2  libshutdown.o(.ARM.Collect$$libshutdown$$00000000)
    .ARM.Collect$$libshutdown$$00000002      0x00000126   Section        0  libshutdown2.o(.ARM.Collect$$libshutdown$$00000002)
    .ARM.Collect$$libshutdown$$00000004      0x00000126   Section        0  libshutdown2.o(.ARM.Collect$$libshutdown$$00000004)
    .ARM.Collect$$libshutdown$$00000007      0x00000126   Section        0  libshutdown2.o(.ARM.Collect$$libshutdown$$00000007)
    .ARM.Collect$$libshutdown$$0000000A      0x00000126   Section        0  libshutdown2.o(.ARM.Collect$$libshutdown$$0000000A)
    .ARM.Collect$$libshutdown$$0000000C      0x00000126   Section        0  libshutdown2.o(.ARM.Collect$$libshutdown$$0000000C)
    .ARM.Collect$$libshutdown$$0000000F      0x00000126   Section        0  libshutdown2.o(.ARM.Collect$$libshutdown$$0000000F)
    .ARM.Collect$$libshutdown$$00000010      0x00000126   Section        2  libshutdown2.o(.ARM.Collect$$libshutdown$$00000010)
    .ARM.Collect$$rtentry$$00000000          0x00000128   Section        0  __rtentry.o(.ARM.Collect$$rtentry$$00000000)
    .ARM.Collect$$rtentry$$00000002          0x00000128   Section        0  __rtentry2.o(.ARM.Collect$$rtentry$$00000002)
    .ARM.Collect$$rtentry$$00000004          0x00000128   Section        6  __rtentry4.o(.ARM.Collect$$rtentry$$00000004)
    .ARM.Collect$$rtentry$$00000008          0x0000012e   Section        8  __rtentry2.o(.ARM.Collect$$rtentry$$00000008)
    .ARM.Collect$$rtentry$$0000000A          0x00000136   Section        4  __rtentry2.o(.ARM.Collect$$rtentry$$0000000A)
    .ARM.Collect$$rtentry$$0000000C          0x0000013a   Section        0  __rtentry2.o(.ARM.Collect$$rtentry$$0000000C)
    .ARM.Collect$$rtentry$$0000000D          0x0000013a   Section        8  __rtentry2.o(.ARM.Collect$$rtentry$$0000000D)
    .ARM.Collect$$rtexit$$00000000           0x00000142   Section        2  rtexit.o(.ARM.Collect$$rtexit$$00000000)
    .ARM.Collect$$rtexit$$00000002           0x00000144   Section        0  rtexit2.o(.ARM.Collect$$rtexit$$00000002)
    .ARM.Collect$$rtexit$$00000003           0x00000144   Section        4  rtexit2.o(.ARM.Collect$$rtexit$$00000003)
    .ARM.Collect$$rtexit$$00000004           0x00000148   Section        6  rtexit2.o(.ARM.Collect$$rtexit$$00000004)
    .emb_text                                0x00000150   Section       56  rt_memcpy.o(.emb_text)
    .text                                    0x00000188   Section       64  startup_mkl25z4.o(.text)
    .text                                    0x000001c8   Section      164  irq_cm0.o(.text)
    .text                                    0x0000026c   Section        0  rt_memcpy.o(.text)
    .text                                    0x000002ee   Section        0  rt_memclr.o(.text)
    .text                                    0x0000032e   Section        0  heapauxi.o(.text)
    .text                                    0x00000334   Section        0  ffixui.o(.text)
    .text                                    0x00000364   Section        0  fflti.o(.text)
    .text                                    0x000003c2   Section        0  cmpret.o(.text)
    .text                                    0x000003f0   Section        0  fnan2.o(.text)
    .ARM.__at_0x400                          0x00000400   Section       16  startup_mkl25z4.o(.ARM.__at_0x400)
    .text                                    0x00000410   Section      346  aeabi_sdiv.o(.text)
    .text                                    0x0000056c   Section        0  fdiv.o(.text)
    .text                                    0x000006cc   Section        0  fcmpin.o(.text)
    .text                                    0x00000730   Section       62  sys_stackheap_outer.o(.text)
    .text                                    0x0000076e   Section        0  exit.o(.text)
    .text                                    0x0000077e   Section        0  retnan.o(.text)
    .text                                    0x000007dc   Section        8  libspace.o(.text)
    .text                                    0x000007e4   Section        0  sys_exit.o(.text)
    .text                                    0x000007f0   Section        2  use_no_semi.o(.text)
    .text                                    0x000007f2   Section        0  indicate_semi.o(.text)
    .text                                    0x000007f2   Section        0  __dczerorl.o(.text)
    [Anonymous Symbol]                       0x0000082c   Section        0  rtx_evflags.o(.text.EventFlagsCheck)
    EventFlagsCheck                          0x0000082d   Thumb Code    78  rtx_evflags.o(.text.EventFlagsCheck)
    [Anonymous Symbol]                       0x0000087a   Section        0  rtx_msgqueue.o(.text.MessageQueueGet)
    MessageQueueGet                          0x0000087b   Thumb Code    76  rtx_msgqueue.o(.text.MessageQueueGet)
    [Anonymous Symbol]                       0x000008c6   Section        0  rtx_msgqueue.o(.text.MessageQueuePut)
    MessageQueuePut                          0x000008c7   Thumb Code    98  rtx_msgqueue.o(.text.MessageQueuePut)
    [Anonymous Symbol]                       0x00000928   Section        0  rtx_msgqueue.o(.text.MessageQueueRemove)
    MessageQueueRemove                       0x00000929   Thumb Code    30  rtx_msgqueue.o(.text.MessageQueueRemove)
    [Anonymous Symbol]                       0x00000948   Section        0  os_systick.o(.text.OS_Tick_AcknowledgeIRQ)
    __arm_cp.3_0                             0x00000950   Number         4  os_systick.o(.text.OS_Tick_AcknowledgeIRQ)
    [Anonymous Symbol]                       0x00000954   Section        0  os_systick.o(.text.OS_Tick_Enable)
    __arm_cp.1_0                             0x00000974   Number         4  os_systick.o(.text.OS_Tick_Enable)
    __arm_cp.1_1                             0x00000978   Number         4  os_systick.o(.text.OS_Tick_Enable)
    __arm_cp.1_2                             0x0000097c   Number         4  os_systick.o(.text.OS_Tick_Enable)
    [Anonymous Symbol]                       0x00000980   Section        0  os_systick.o(.text.OS_Tick_GetIRQn)
    [Anonymous Symbol]                       0x00000988   Section        0  os_systick.o(.text.OS_Tick_Setup)
    __arm_cp.0_0                             0x000009c4   Number         4  os_systick.o(.text.OS_Tick_Setup)
    __arm_cp.0_1                             0x000009c8   Number         4  os_systick.o(.text.OS_Tick_Setup)
    __arm_cp.0_2                             0x000009cc   Number         4  os_systick.o(.text.OS_Tick_Setup)
    __arm_cp.0_3                             0x000009d0   Number         4  os_systick.o(.text.OS_Tick_Setup)
    [Anonymous Symbol]                       0x000009d4   Section        0  rtx_thread.o(.text.ThreadFlagsCheck)
    ThreadFlagsCheck                         0x000009d5   Thumb Code    78  rtx_thread.o(.text.ThreadFlagsCheck)
    [Anonymous Symbol]                       0x00000a24   Section        0  rtx_timer.o(.text.TimerInsert)
    TimerInsert                              0x00000a25   Thumb Code    76  rtx_timer.o(.text.TimerInsert)
    __arm_cp.8_0                             0x00000a6c   Number         4  rtx_timer.o(.text.TimerInsert)
    [Anonymous Symbol]                       0x00000a70   Section        0  rtx_evflags.o(.text.osEventFlagsNew)
    __arm_cp.0_0                             0x00000a90   Number         4  rtx_evflags.o(.text.osEventFlagsNew)
    [Anonymous Symbol]                       0x00000a94   Section        0  rtx_evflags.o(.text.osEventFlagsSet)
    __arm_cp.2_0                             0x00000ae0   Number         4  rtx_evflags.o(.text.osEventFlagsSet)
    [Anonymous Symbol]                       0x00000ae4   Section        0  rtx_evflags.o(.text.osEventFlagsWait)
    __arm_cp.7_0                             0x00000b24   Number         4  rtx_evflags.o(.text.osEventFlagsWait)
    [Anonymous Symbol]                       0x00000b28   Section        0  rtx_kernel.o(.text.osKernelGetState)
    __arm_cp.4_0                             0x00000b50   Number         4  rtx_kernel.o(.text.osKernelGetState)
    __arm_cp.4_1                             0x00000b54   Number         4  rtx_kernel.o(.text.osKernelGetState)
    [Anonymous Symbol]                       0x00000b58   Section        0  rtx_kernel.o(.text.osKernelInitialize)
    __arm_cp.1_0                             0x00000b7c   Number         4  rtx_kernel.o(.text.osKernelInitialize)
    [Anonymous Symbol]                       0x00000b80   Section        0  rtx_kernel.o(.text.osKernelStart)
    __arm_cp.6_0                             0x00000ba0   Number         4  rtx_kernel.o(.text.osKernelStart)
    [Anonymous Symbol]                       0x00000ba4   Section        0  rtx_msgqueue.o(.text.osMessageQueueGet)
    __arm_cp.3_0                             0x00000c14   Number         4  rtx_msgqueue.o(.text.osMessageQueueGet)
    [Anonymous Symbol]                       0x00000c18   Section        0  rtx_msgqueue.o(.text.osMessageQueueNew)
    __arm_cp.0_0                             0x00000c38   Number         4  rtx_msgqueue.o(.text.osMessageQueueNew)
    [Anonymous Symbol]                       0x00000c3c   Section        0  rtx_msgqueue.o(.text.osMessageQueuePut)
    __arm_cp.2_0                             0x00000cb0   Number         4  rtx_msgqueue.o(.text.osMessageQueuePut)
    [Anonymous Symbol]                       0x00000cb4   Section        0  rtx_mutex.o(.text.osMutexAcquire)
    __arm_cp.3_0                             0x00000cd8   Number         4  rtx_mutex.o(.text.osMutexAcquire)
    [Anonymous Symbol]                       0x00000cdc   Section        0  rtx_mutex.o(.text.osMutexDelete)
    __arm_cp.6_0                             0x00000d00   Number         4  rtx_mutex.o(.text.osMutexDelete)
    [Anonymous Symbol]                       0x00000d04   Section        0  rtx_mutex.o(.text.osMutexNew)
    __arm_cp.1_0                             0x00000d24   Number         4  rtx_mutex.o(.text.osMutexNew)
    [Anonymous Symbol]                       0x00000d28   Section        0  rtx_mutex.o(.text.osMutexRelease)
    __arm_cp.4_0                             0x00000d4c   Number         4  rtx_mutex.o(.text.osMutexRelease)
    [Anonymous Symbol]                       0x00000d50   Section        0  rtx_evflags.o(.text.osRtxEventFlagsPostProcess)
    osRtxEventFlagsPostProcess               0x00000d51   Thumb Code    52  rtx_evflags.o(.text.osRtxEventFlagsPostProcess)
    [Anonymous Symbol]                       0x00000d84   Section        0  rtx_kernel.o(.text.osRtxKernelPreInit)
    [Anonymous Symbol]                       0x00000d86   Section        0  rtx_memory.o(.text.osRtxMemoryAlloc)
    [Anonymous Symbol]                       0x00000e02   Section        0  rtx_memory.o(.text.osRtxMemoryFree)
    [Anonymous Symbol]                       0x00000e50   Section        0  rtx_memory.o(.text.osRtxMemoryInit)
    [Anonymous Symbol]                       0x00000e82   Section        0  rtx_mempool.o(.text.osRtxMemoryPoolAlloc)
    [Anonymous Symbol]                       0x00000eb0   Section        0  rtx_mempool.o(.text.osRtxMemoryPoolFree)
    [Anonymous Symbol]                       0x00000eea   Section        0  rtx_mempool.o(.text.osRtxMemoryPoolInit)
    [Anonymous Symbol]                       0x00000f28   Section        0  rtx_msgqueue.o(.text.osRtxMessageQueuePostProcess)
    osRtxMessageQueuePostProcess             0x00000f29   Thumb Code   188  rtx_msgqueue.o(.text.osRtxMessageQueuePostProcess)
    [Anonymous Symbol]                       0x00000fe4   Section        0  rtx_mutex.o(.text.osRtxMutexOwnerRelease)
    [Anonymous Symbol]                       0x00001028   Section        0  rtx_system.o(.text.osRtxPendSV_Handler)
    __arm_cp.1_0                             0x000010a4   Number         4  rtx_system.o(.text.osRtxPendSV_Handler)
    [Anonymous Symbol]                       0x000010a8   Section        0  rtx_system.o(.text.osRtxPostProcess)
    __arm_cp.2_0                             0x0000110c   Number         4  rtx_system.o(.text.osRtxPostProcess)
    __arm_cp.2_1                             0x00001110   Number         4  rtx_system.o(.text.osRtxPostProcess)
    [Anonymous Symbol]                       0x00001114   Section        0  rtx_thread.o(.text.osRtxThreadBlock)
    osRtxThreadBlock                         0x00001115   Thumb Code    56  rtx_thread.o(.text.osRtxThreadBlock)
    __arm_cp.10_0                            0x00001148   Number         4  rtx_thread.o(.text.osRtxThreadBlock)
    [Anonymous Symbol]                       0x0000114c   Section        0  rtx_thread.o(.text.osRtxThreadDelayInsert)
    osRtxThreadDelayInsert                   0x0000114d   Thumb Code   128  rtx_thread.o(.text.osRtxThreadDelayInsert)
    __arm_cp.14_0                            0x000011c8   Number         4  rtx_thread.o(.text.osRtxThreadDelayInsert)
    [Anonymous Symbol]                       0x000011cc   Section        0  rtx_thread.o(.text.osRtxThreadDelayRemove)
    osRtxThreadDelayRemove                   0x000011cd   Thumb Code    68  rtx_thread.o(.text.osRtxThreadDelayRemove)
    __arm_cp.12_0                            0x0000120c   Number         4  rtx_thread.o(.text.osRtxThreadDelayRemove)
    [Anonymous Symbol]                       0x00001210   Section        0  rtx_thread.o(.text.osRtxThreadDelayTick)
    __arm_cp.5_0                             0x00001244   Number         4  rtx_thread.o(.text.osRtxThreadDelayTick)
    [Anonymous Symbol]                       0x00001248   Section        0  rtx_thread.o(.text.osRtxThreadDispatch)
    __arm_cp.9_0                             0x00001294   Number         4  rtx_thread.o(.text.osRtxThreadDispatch)
    [Anonymous Symbol]                       0x00001298   Section        0  rtx_thread.o(.text.osRtxThreadFree)
    osRtxThreadFree                          0x00001299   Thumb Code    84  rtx_thread.o(.text.osRtxThreadFree)
    __arm_cp.52_0                            0x000012e8   Number         4  rtx_thread.o(.text.osRtxThreadFree)
    [Anonymous Symbol]                       0x000012ec   Section        0  rtx_thread.o(.text.osRtxThreadListGet)
    [Anonymous Symbol]                       0x00001300   Section        0  rtx_thread.o(.text.osRtxThreadListPut)
    [Anonymous Symbol]                       0x0000132c   Section        0  rtx_thread.o(.text.osRtxThreadListRemove)
    [Anonymous Symbol]                       0x00001344   Section        0  rtx_thread.o(.text.osRtxThreadListSort)
    [Anonymous Symbol]                       0x0000136a   Section        0  rtx_thread.o(.text.osRtxThreadPostProcess)
    osRtxThreadPostProcess                   0x0000136b   Thumb Code    38  rtx_thread.o(.text.osRtxThreadPostProcess)
    [Anonymous Symbol]                       0x00001390   Section        0  rtx_thread.o(.text.osRtxThreadReadyPut)
    __arm_cp.4_0                             0x000013a4   Number         4  rtx_thread.o(.text.osRtxThreadReadyPut)
    [Anonymous Symbol]                       0x000013a8   Section        0  rtx_thread.o(.text.osRtxThreadRegPtr)
    [Anonymous Symbol]                       0x000013b0   Section        0  rtx_thread.o(.text.osRtxThreadStackCheck)
    __arm_cp.8_0                             0x000013d4   Number         4  rtx_thread.o(.text.osRtxThreadStackCheck)
    __arm_cp.8_1                             0x000013d8   Number         4  rtx_thread.o(.text.osRtxThreadStackCheck)
    [Anonymous Symbol]                       0x000013dc   Section        0  rtx_thread.o(.text.osRtxThreadStartup)
    __arm_cp.15_0                            0x0000140c   Number         4  rtx_thread.o(.text.osRtxThreadStartup)
    __arm_cp.15_1                            0x00001410   Number         4  rtx_thread.o(.text.osRtxThreadStartup)
    __arm_cp.15_2                            0x00001414   Number         4  rtx_thread.o(.text.osRtxThreadStartup)
    __arm_cp.15_3                            0x00001418   Number         4  rtx_thread.o(.text.osRtxThreadStartup)
    [Anonymous Symbol]                       0x0000141c   Section        0  rtx_thread.o(.text.osRtxThreadSwitch)
    __arm_cp.7_0                             0x0000142c   Number         4  rtx_thread.o(.text.osRtxThreadSwitch)
    [Anonymous Symbol]                       0x00001430   Section        0  rtx_thread.o(.text.osRtxThreadWaitEnter)
    __arm_cp.13_0                            0x00001468   Number         4  rtx_thread.o(.text.osRtxThreadWaitEnter)
    [Anonymous Symbol]                       0x0000146c   Section        0  rtx_thread.o(.text.osRtxThreadWaitExit)
    [Anonymous Symbol]                       0x00001490   Section        0  rtx_system.o(.text.osRtxTick_Handler)
    __arm_cp.0_0                             0x00001500   Number         4  rtx_system.o(.text.osRtxTick_Handler)
    [Anonymous Symbol]                       0x00001504   Section        0  rtx_timer.o(.text.osRtxTimerThread)
    __arm_cp.0_0                             0x00001534   Number         4  rtx_timer.o(.text.osRtxTimerThread)
    __arm_cp.0_1                             0x00001538   Number         4  rtx_timer.o(.text.osRtxTimerThread)
    __arm_cp.0_2                             0x0000153c   Number         4  rtx_timer.o(.text.osRtxTimerThread)
    [Anonymous Symbol]                       0x00001540   Section        0  rtx_timer.o(.text.osRtxTimerTick)
    osRtxTimerTick                           0x00001541   Thumb Code    96  rtx_timer.o(.text.osRtxTimerTick)
    __arm_cp.1_0                             0x0000159c   Number         4  rtx_timer.o(.text.osRtxTimerTick)
    [Anonymous Symbol]                       0x000015a0   Section        0  rtx_thread.o(.text.osThreadExit)
    __arm_cp.31_0                            0x000015a8   Number         4  rtx_thread.o(.text.osThreadExit)
    [Anonymous Symbol]                       0x000015ac   Section        0  rtx_thread.o(.text.osThreadNew)
    __arm_cp.17_0                            0x000015cc   Number         4  rtx_thread.o(.text.osThreadNew)
    [Anonymous Symbol]                       0x000015d0   Section        0  rtx_evflags.o(.text.svcRtxEventFlagsNew)
    svcRtxEventFlagsNew                      0x000015d1   Thumb Code   116  rtx_evflags.o(.text.svcRtxEventFlagsNew)
    __arm_cp.9_0                             0x0000163c   Number         4  rtx_evflags.o(.text.svcRtxEventFlagsNew)
    __arm_cp.9_1                             0x00001640   Number         4  rtx_evflags.o(.text.svcRtxEventFlagsNew)
    [Anonymous Symbol]                       0x00001644   Section        0  rtx_evflags.o(.text.svcRtxEventFlagsSet)
    svcRtxEventFlagsSet                      0x00001645   Thumb Code   124  rtx_evflags.o(.text.svcRtxEventFlagsSet)
    [Anonymous Symbol]                       0x000016c0   Section        0  rtx_evflags.o(.text.svcRtxEventFlagsWait)
    svcRtxEventFlagsWait                     0x000016c1   Thumb Code   100  rtx_evflags.o(.text.svcRtxEventFlagsWait)
    __arm_cp.14_0                            0x00001720   Number         4  rtx_evflags.o(.text.svcRtxEventFlagsWait)
    [Anonymous Symbol]                       0x00001724   Section        0  rtx_kernel.o(.text.svcRtxKernelGetState)
    svcRtxKernelGetState                     0x00001725   Thumb Code    12  rtx_kernel.o(.text.svcRtxKernelGetState)
    __arm_cp.5_0                             0x0000172c   Number         4  rtx_kernel.o(.text.svcRtxKernelGetState)
    [Anonymous Symbol]                       0x00001730   Section        0  rtx_kernel.o(.text.svcRtxKernelInitialize)
    svcRtxKernelInitialize                   0x00001731   Thumb Code   328  rtx_kernel.o(.text.svcRtxKernelInitialize)
    __arm_cp.20_0                            0x0000186c   Number         4  rtx_kernel.o(.text.svcRtxKernelInitialize)
    __arm_cp.20_1                            0x00001870   Number         4  rtx_kernel.o(.text.svcRtxKernelInitialize)
    __arm_cp.20_2                            0x00001874   Number         4  rtx_kernel.o(.text.svcRtxKernelInitialize)
    [Anonymous Symbol]                       0x00001878   Section        0  rtx_kernel.o(.text.svcRtxKernelStart)
    svcRtxKernelStart                        0x00001879   Thumb Code   132  rtx_kernel.o(.text.svcRtxKernelStart)
    __arm_cp.21_0                            0x000018ec   Number         4  rtx_kernel.o(.text.svcRtxKernelStart)
    __arm_cp.21_1                            0x000018f0   Number         4  rtx_kernel.o(.text.svcRtxKernelStart)
    __arm_cp.21_2                            0x000018f4   Number         4  rtx_kernel.o(.text.svcRtxKernelStart)
    __arm_cp.21_3                            0x000018f8   Number         4  rtx_kernel.o(.text.svcRtxKernelStart)
    [Anonymous Symbol]                       0x000018fc   Section        0  rtx_msgqueue.o(.text.svcRtxMessageQueueGet)
    svcRtxMessageQueueGet                    0x000018fd   Thumb Code   232  rtx_msgqueue.o(.text.svcRtxMessageQueueGet)
    __arm_cp.21_0                            0x000019e0   Number         4  rtx_msgqueue.o(.text.svcRtxMessageQueueGet)
    [Anonymous Symbol]                       0x000019e4   Section        0  rtx_msgqueue.o(.text.svcRtxMessageQueueNew)
    svcRtxMessageQueueNew                    0x000019e5   Thumb Code   484  rtx_msgqueue.o(.text.svcRtxMessageQueueNew)
    __arm_cp.14_0                            0x00001bb0   Number         4  rtx_msgqueue.o(.text.svcRtxMessageQueueNew)
    __arm_cp.14_1                            0x00001bb4   Number         4  rtx_msgqueue.o(.text.svcRtxMessageQueueNew)
    __arm_cp.14_2                            0x00001bb8   Number         4  rtx_msgqueue.o(.text.svcRtxMessageQueueNew)
    __arm_cp.14_3                            0x00001bbc   Number         4  rtx_msgqueue.o(.text.svcRtxMessageQueueNew)
    __arm_cp.14_4                            0x00001bc0   Number         4  rtx_msgqueue.o(.text.svcRtxMessageQueueNew)
    __arm_cp.14_5                            0x00001bc4   Number         4  rtx_msgqueue.o(.text.svcRtxMessageQueueNew)
    [Anonymous Symbol]                       0x00001bc8   Section        0  rtx_msgqueue.o(.text.svcRtxMessageQueuePut)
    svcRtxMessageQueuePut                    0x00001bc9   Thumb Code   188  rtx_msgqueue.o(.text.svcRtxMessageQueuePut)
    __arm_cp.19_0                            0x00001c80   Number         4  rtx_msgqueue.o(.text.svcRtxMessageQueuePut)
    [Anonymous Symbol]                       0x00001c84   Section        0  rtx_mutex.o(.text.svcRtxMutexAcquire)
    svcRtxMutexAcquire                       0x00001c85   Thumb Code   152  rtx_mutex.o(.text.svcRtxMutexAcquire)
    __arm_cp.9_0                             0x00001d18   Number         4  rtx_mutex.o(.text.svcRtxMutexAcquire)
    [Anonymous Symbol]                       0x00001d1c   Section        0  rtx_mutex.o(.text.svcRtxMutexDelete)
    svcRtxMutexDelete                        0x00001d1d   Thumb Code   188  rtx_mutex.o(.text.svcRtxMutexDelete)
    __arm_cp.12_0                            0x00001dd4   Number         4  rtx_mutex.o(.text.svcRtxMutexDelete)
    [Anonymous Symbol]                       0x00001dd8   Section        0  rtx_mutex.o(.text.svcRtxMutexNew)
    svcRtxMutexNew                           0x00001dd9   Thumb Code   112  rtx_mutex.o(.text.svcRtxMutexNew)
    __arm_cp.7_0                             0x00001e44   Number         4  rtx_mutex.o(.text.svcRtxMutexNew)
    [Anonymous Symbol]                       0x00001e48   Section        0  rtx_mutex.o(.text.svcRtxMutexRelease)
    svcRtxMutexRelease                       0x00001e49   Thumb Code   192  rtx_mutex.o(.text.svcRtxMutexRelease)
    __arm_cp.10_0                            0x00001f04   Number         4  rtx_mutex.o(.text.svcRtxMutexRelease)
    [Anonymous Symbol]                       0x00001f08   Section        0  rtx_thread.o(.text.svcRtxThreadExit)
    svcRtxThreadExit                         0x00001f09   Thumb Code   108  rtx_thread.o(.text.svcRtxThreadExit)
    __arm_cp.54_0                            0x00001f70   Number         4  rtx_thread.o(.text.svcRtxThreadExit)
    [Anonymous Symbol]                       0x00001f74   Section        0  rtx_thread.o(.text.svcRtxThreadNew)
    svcRtxThreadNew                          0x00001f75   Thumb Code   492  rtx_thread.o(.text.svcRtxThreadNew)
    __arm_cp.16_0                            0x00002148   Number         4  rtx_thread.o(.text.svcRtxThreadNew)
    __arm_cp.16_1                            0x0000214c   Number         4  rtx_thread.o(.text.svcRtxThreadNew)
    __arm_cp.16_2                            0x00002150   Number         4  rtx_thread.o(.text.svcRtxThreadNew)
    __arm_cp.16_3                            0x00002154   Number         4  rtx_thread.o(.text.svcRtxThreadNew)
    __arm_cp.16_4                            0x00002158   Number         4  rtx_thread.o(.text.svcRtxThreadNew)
    __arm_cp.16_5                            0x0000215c   Number         4  rtx_thread.o(.text.svcRtxThreadNew)
    i.SystemCoreClockUpdate                  0x00002160   Section        0  system_mkl25z4.o(i.SystemCoreClockUpdate)
    i.SystemInit                             0x000022f0   Section        0  system_mkl25z4.o(i.SystemInit)
    i.UART2_IRQHandler                       0x000022fc   Section        0  main.o(i.UART2_IRQHandler)
    i.__ARM_common_switch8                   0x0000232c   Section        0  rtx_config.o(i.__ARM_common_switch8)
    i.__NVIC_SetPriority                     0x00002348   Section        0  main.o(i.__NVIC_SetPriority)
    __NVIC_SetPriority                       0x00002349   Thumb Code   110  main.o(i.__NVIC_SetPriority)
    i._mutex_acquire                         0x000023c0   Section        0  rtx_lib.o(i._mutex_acquire)
    __tagsym$$used                           0x000023c1   Number         0  rtx_lib.o(i._mutex_acquire)
    i._mutex_free                            0x000023d8   Section        0  rtx_lib.o(i._mutex_free)
    __tagsym$$used                           0x000023d9   Number         0  rtx_lib.o(i._mutex_free)
    i._mutex_initialize                      0x000023e4   Section        0  rtx_lib.o(i._mutex_initialize)
    __tagsym$$used                           0x000023e5   Number         0  rtx_lib.o(i._mutex_initialize)
    i._mutex_release                         0x00002408   Section        0  rtx_lib.o(i._mutex_release)
    __tagsym$$used                           0x00002409   Number         0  rtx_lib.o(i._mutex_release)
    i._platform_post_stackheap_init          0x0000241c   Section        0  rtx_lib.o(i._platform_post_stackheap_init)
    i.initPwm                                0x00002424   Section        0  main.o(i.initPwm)
    i.initUart                               0x00002510   Section        0  main.o(i.initUart)
    i.leftPwmThread                          0x000025ec   Section        0  main.o(i.leftPwmThread)
    i.main                                   0x0000264c   Section        0  main.o(i.main)
    i.osRtxErrorNotify                       0x000026e0   Section        0  rtx_config.o(i.osRtxErrorNotify)
    i.osRtxIdleThread                        0x00002700   Section        0  rtx_config.o(i.osRtxIdleThread)
    i.os_kernel_is_active                    0x00002704   Section        0  rtx_lib.o(i.os_kernel_is_active)
    os_kernel_is_active                      0x00002705   Thumb Code    30  rtx_lib.o(i.os_kernel_is_active)
    i.packetThread                           0x00002728   Section        0  main.o(i.packetThread)
    i.processPacket                          0x00002744   Section        0  main.o(i.processPacket)
    i.rightPwmThread                         0x000027d8   Section        0  main.o(i.rightPwmThread)
    i.setMotorLeftPWM                        0x00002838   Section        0  main.o(i.setMotorLeftPWM)
    i.setMotorRightPWM                       0x00002878   Section        0  main.o(i.setMotorRightPWM)
    x$fpl$fleqf                              0x000028b8   Section       84  flef.o(x$fpl$fleqf)
    x$fpl$fmul                               0x0000290c   Section      176  fmul.o(x$fpl$fmul)
    .constdata                               0x000029bc   Section      100  rtx_lib.o(.constdata)
    x$fpl$usenofp                            0x000029bc   Section        0  usenofp.o(x$fpl$usenofp)
    os_idle_thread_attr                      0x000029bc   Data          36  rtx_lib.o(.constdata)
    os_timer_thread_attr                     0x000029e0   Data          36  rtx_lib.o(.constdata)
    os_timer_mq_attr                         0x00002a04   Data          24  rtx_lib.o(.constdata)
    .constdata                               0x00002a20   Section        1  irq_cm0.o(.constdata)
    .constdata                               0x00002a21   Section       64  fdiv.o(.constdata)
    fdiv_tab                                 0x00002a21   Data          64  fdiv.o(.constdata)
    .rodata                                  0x00002a64   Section      160  rtx_lib.o(.rodata)
    __tagsym$$used                           0x00002a64   Number         0  rtx_lib.o(.rodata)
    __tagsym$$used                           0x00002acc   Number         0  rtx_lib.o(.rodata)
    [Anonymous Symbol]                       0x00002b04   Section        0  rtx_kernel.o(.rodata.str1.4)
    .L.str                                   0x00002b04   Data          11  rtx_kernel.o(.rodata.str1.4)
    .bss.os                                  0x1ffff000   Section     4160  rtx_lib.o(.bss.os)
    os_mem                                   0x1ffff000   Data        4096  rtx_lib.o(.bss.os)
    os_isr_queue                             0x20000000   Data          64  rtx_lib.o(.bss.os)
    .bss.os.msgqueue.cb                      0x20000040   Section       52  rtx_lib.o(.bss.os.msgqueue.cb)
    os_timer_mq_cb                           0x20000040   Data          52  rtx_lib.o(.bss.os.msgqueue.cb)
    .bss.os.msgqueue.mem                     0x20000074   Section       80  rtx_lib.o(.bss.os.msgqueue.mem)
    os_timer_mq_data                         0x20000074   Data          80  rtx_lib.o(.bss.os.msgqueue.mem)
    .bss.os.thread.cb                        0x200000c4   Section      136  rtx_lib.o(.bss.os.thread.cb)
    os_idle_thread_cb                        0x200000c4   Data          68  rtx_lib.o(.bss.os.thread.cb)
    os_timer_thread_cb                       0x20000108   Data          68  rtx_lib.o(.bss.os.thread.cb)
    .bss.os.thread.stack                     0x20000150   Section      512  rtx_lib.o(.bss.os.thread.stack)
    os_idle_thread_stack                     0x20000150   Data         256  rtx_lib.o(.bss.os.thread.stack)
    os_timer_thread_stack                    0x20000250   Data         256  rtx_lib.o(.bss.os.thread.stack)
    .data                                    0x20000350   Section       40  main.o(.data)
    .data                                    0x20000378   Section        5  rtx_lib.o(.data)
    os_kernel_active                         0x2000037c   Data           1  rtx_lib.o(.data)
    .data                                    0x20000380   Section        4  system_mkl25z4.o(.data)
    .bss                                     0x20000428   Section       96  libspace.o(.bss)
    [Anonymous Symbol]                       0x20000488   Section        0  os_systick.o(.bss.PendST)
    PendST                                   0x20000488   Data           1  os_systick.o(.bss.PendST)
    HEAP                                     0x20000490   Section        0  startup_mkl25z4.o(HEAP)
    STACK                                    0x20000490   Section      256  startup_mkl25z4.o(STACK)
    Heap_Mem                                 0x20000490   Data           0  startup_mkl25z4.o(HEAP)
    Stack_Mem                                0x20000490   Data         256  startup_mkl25z4.o(STACK)
    __initial_sp                             0x20000590   Data           0  startup_mkl25z4.o(STACK)

    Global Symbols

    Symbol Name                              Value     Ov Type        Size  Object(Section)

    BuildAttributes$$THM_ISAv3M$S$PE$A:L22$X:L11$S22$IEEE1$IW$~IW$USESV6$~STKCKD$USESV7$~SHL$OSPACE$ROPI$EBA8$UX$STANDARDLIB$REQ8$PRES8$EABIv2 0x00000000   Number         0  anon$$obj.o ABSOLUTE
    __ARM_use_no_argv                        0x00000000   Number         0  main.o ABSOLUTE
    __Vectors                                0x00000000   Data           4  startup_mkl25z4.o(RESET)
    .bss.os.evflags.cb$$Base                  - Undefined Weak Reference
    .bss.os.evflags.cb$$Limit                 - Undefined Weak Reference
    .bss.os.mempool.cb$$Base                  - Undefined Weak Reference
    .bss.os.mempool.cb$$Limit                 - Undefined Weak Reference
    .bss.os.mutex.cb$$Base                    - Undefined Weak Reference
    .bss.os.mutex.cb$$Limit                   - Undefined Weak Reference
    .bss.os.semaphore.cb$$Base                - Undefined Weak Reference
    .bss.os.semaphore.cb$$Limit               - Undefined Weak Reference
    .bss.os.timer.cb$$Base                    - Undefined Weak Reference
    .bss.os.timer.cb$$Limit                   - Undefined Weak Reference
    __ARM_exceptions_init                     - Undefined Weak Reference
    __alloca_initialize                       - Undefined Weak Reference
    __arm_preinit_                            - Undefined Weak Reference
    __cpp_initialize__aeabi_                  - Undefined Weak Reference
    __cxa_finalize                            - Undefined Weak Reference
    __rt_locale                               - Undefined Weak Reference
    __sigvec_lookup                           - Undefined Weak Reference
    _atexit_init                              - Undefined Weak Reference
    _call_atexit_fns                          - Undefined Weak Reference
    _clock_init                               - Undefined Weak Reference
    _fp_trap_init                             - Undefined Weak Reference
    _fp_trap_shutdown                         - Undefined Weak Reference
    _get_lc_collate                           - Undefined Weak Reference
    _get_lc_ctype                             - Undefined Weak Reference
    _get_lc_monetary                          - Undefined Weak Reference
    _get_lc_numeric                           - Undefined Weak Reference
    _get_lc_time                              - Undefined Weak Reference
    _getenv_init                              - Undefined Weak Reference
    _handle_redirection                       - Undefined Weak Reference
    _init_alloc                               - Undefined Weak Reference
    _init_user_alloc                          - Undefined Weak Reference
    _initio                                   - Undefined Weak Reference
    _rand_init                                - Undefined Weak Reference
    _signal_finish                            - Undefined Weak Reference
    _signal_init                              - Undefined Weak Reference
    _terminate_alloc                          - Undefined Weak Reference
    _terminate_user_alloc                     - Undefined Weak Reference
    _terminateio                              - Undefined Weak Reference
    __Vectors_End                            0x000000c0   Data           0  startup_mkl25z4.o(RESET)
    __Vectors_Size                           0x000000c0   Number         0  startup_mkl25z4.o ABSOLUTE
    __main                                   0x000000c1   Thumb Code     8  __main.o(!!!main)
    __scatterload                            0x000000c9   Thumb Code     0  __scatter.o(!!!scatter)
    __scatterload_rt2                        0x000000c9   Thumb Code    52  __scatter.o(!!!scatter)
    __scatterload_rt2_thumb_only             0x000000c9   Thumb Code     0  __scatter.o(!!!scatter)
    __scatterload_null                       0x000000d9   Thumb Code     0  __scatter.o(!!!scatter)
    __scatterload_zeroinit                   0x00000105   Thumb Code    28  __scatter_zi.o(!!handler_zi)
    __rt_lib_init                            0x00000121   Thumb Code     0  libinit.o(.ARM.Collect$$libinit$$00000000)
    __rt_lib_init_alloca_1                   0x00000123   Thumb Code     0  libinit2.o(.ARM.Collect$$libinit$$0000002E)
    __rt_lib_init_argv_1                     0x00000123   Thumb Code     0  libinit2.o(.ARM.Collect$$libinit$$0000002C)
    __rt_lib_init_atexit_1                   0x00000123   Thumb Code     0  libinit2.o(.ARM.Collect$$libinit$$0000001B)
    __rt_lib_init_clock_1                    0x00000123   Thumb Code     0  libinit2.o(.ARM.Collect$$libinit$$00000021)
    __rt_lib_init_cpp_1                      0x00000123   Thumb Code     0  libinit2.o(.ARM.Collect$$libinit$$00000032)
    __rt_lib_init_exceptions_1               0x00000123   Thumb Code     0  libinit2.o(.ARM.Collect$$libinit$$00000030)
    __rt_lib_init_fp_1                       0x00000123   Thumb Code     0  libinit2.o(.ARM.Collect$$libinit$$00000002)
    __rt_lib_init_fp_trap_1                  0x00000123   Thumb Code     0  libinit2.o(.ARM.Collect$$libinit$$0000001F)
    __rt_lib_init_getenv_1                   0x00000123   Thumb Code     0  libinit2.o(.ARM.Collect$$libinit$$00000023)
    __rt_lib_init_heap_1                     0x00000123   Thumb Code     0  libinit2.o(.ARM.Collect$$libinit$$0000000A)
    __rt_lib_init_lc_collate_1               0x00000123   Thumb Code     0  libinit2.o(.ARM.Collect$$libinit$$00000011)
    __rt_lib_init_lc_ctype_1                 0x00000123   Thumb Code     0  libinit2.o(.ARM.Collect$$libinit$$00000013)
    __rt_lib_init_lc_monetary_1              0x00000123   Thumb Code     0  libinit2.o(.ARM.Collect$$libinit$$00000015)
    __rt_lib_init_lc_numeric_1               0x00000123   Thumb Code     0  libinit2.o(.ARM.Collect$$libinit$$00000017)
    __rt_lib_init_lc_time_1                  0x00000123   Thumb Code     0  libinit2.o(.ARM.Collect$$libinit$$00000019)
    __rt_lib_init_preinit_1                  0x00000123   Thumb Code     0  libinit2.o(.ARM.Collect$$libinit$$00000004)
    __rt_lib_init_rand_1                     0x00000123   Thumb Code     0  libinit2.o(.ARM.Collect$$libinit$$0000000E)
    __rt_lib_init_return                     0x00000123   Thumb Code     0  libinit2.o(.ARM.Collect$$libinit$$00000033)
    __rt_lib_init_signal_1                   0x00000123   Thumb Code     0  libinit2.o(.ARM.Collect$$libinit$$0000001D)
    __rt_lib_init_stdio_1                    0x00000123   Thumb Code     0  libinit2.o(.ARM.Collect$$libinit$$00000025)
    __rt_lib_init_user_alloc_1               0x00000123   Thumb Code     0  libinit2.o(.ARM.Collect$$libinit$$0000000C)
    __rt_lib_shutdown                        0x00000125   Thumb Code     0  libshutdown.o(.ARM.Collect$$libshutdown$$00000000)
    __rt_lib_shutdown_cpp_1                  0x00000127   Thumb Code     0  libshutdown2.o(.ARM.Collect$$libshutdown$$00000002)
    __rt_lib_shutdown_fp_trap_1              0x00000127   Thumb Code     0  libshutdown2.o(.ARM.Collect$$libshutdown$$00000007)
    __rt_lib_shutdown_heap_1                 0x00000127   Thumb Code     0  libshutdown2.o(.ARM.Collect$$libshutdown$$0000000F)
    __rt_lib_shutdown_return                 0x00000127   Thumb Code     0  libshutdown2.o(.ARM.Collect$$libshutdown$$00000010)
    __rt_lib_shutdown_signal_1               0x00000127   Thumb Code     0  libshutdown2.o(.ARM.Collect$$libshutdown$$0000000A)
    __rt_lib_shutdown_stdio_1                0x00000127   Thumb Code     0  libshutdown2.o(.ARM.Collect$$libshutdown$$00000004)
    __rt_lib_shutdown_user_alloc_1           0x00000127   Thumb Code     0  libshutdown2.o(.ARM.Collect$$libshutdown$$0000000C)
    __rt_entry                               0x00000129   Thumb Code     0  __rtentry.o(.ARM.Collect$$rtentry$$00000000)
    __rt_entry_presh_1                       0x00000129   Thumb Code     0  __rtentry2.o(.ARM.Collect$$rtentry$$00000002)
    __rt_entry_sh                            0x00000129   Thumb Code     0  __rtentry4.o(.ARM.Collect$$rtentry$$00000004)
    __rt_entry_postsh_1                      0x0000012f   Thumb Code     0  __rtentry2.o(.ARM.Collect$$rtentry$$00000008)
    __rt_entry_li                            0x00000137   Thumb Code     0  __rtentry2.o(.ARM.Collect$$rtentry$$0000000A)
    __rt_entry_main                          0x0000013b   Thumb Code     0  __rtentry2.o(.ARM.Collect$$rtentry$$0000000D)
    __rt_entry_postli_1                      0x0000013b   Thumb Code     0  __rtentry2.o(.ARM.Collect$$rtentry$$0000000C)
    __rt_exit                                0x00000143   Thumb Code     0  rtexit.o(.ARM.Collect$$rtexit$$00000000)
    __rt_exit_ls                             0x00000145   Thumb Code     0  rtexit2.o(.ARM.Collect$$rtexit$$00000003)
    __rt_exit_prels_1                        0x00000145   Thumb Code     0  rtexit2.o(.ARM.Collect$$rtexit$$00000002)
    __rt_exit_exit                           0x00000149   Thumb Code     0  rtexit2.o(.ARM.Collect$$rtexit$$00000004)
    __aeabi_memcpy4                          0x00000151   Thumb Code    56  rt_memcpy.o(.emb_text)
    __aeabi_memcpy8                          0x00000151   Thumb Code     0  rt_memcpy.o(.emb_text)
    Reset_Handler                            0x00000189   Thumb Code    12  startup_mkl25z4.o(.text)
    NMI_Handler                              0x00000195   Thumb Code     2  startup_mkl25z4.o(.text)
    HardFault_Handler                        0x00000197   Thumb Code     2  startup_mkl25z4.o(.text)
    ADC0_IRQHandler                          0x0000019f   Thumb Code     0  startup_mkl25z4.o(.text)
    CMP0_IRQHandler                          0x0000019f   Thumb Code     0  startup_mkl25z4.o(.text)
    DAC0_IRQHandler                          0x0000019f   Thumb Code     0  startup_mkl25z4.o(.text)
    DMA0_IRQHandler                          0x0000019f   Thumb Code     0  startup_mkl25z4.o(.text)
    DMA1_IRQHandler                          0x0000019f   Thumb Code     0  startup_mkl25z4.o(.text)
    DMA2_IRQHandler                          0x0000019f   Thumb Code     0  startup_mkl25z4.o(.text)
    DMA3_IRQHandler                          0x0000019f   Thumb Code     0  startup_mkl25z4.o(.text)
    DefaultISR                               0x0000019f   Thumb Code     0  startup_mkl25z4.o(.text)
    FTFA_IRQHandler                          0x0000019f   Thumb Code     0  startup_mkl25z4.o(.text)
    I2C0_IRQHandler                          0x0000019f   Thumb Code     0  startup_mkl25z4.o(.text)
    I2C1_IRQHandler                          0x0000019f   Thumb Code     0  startup_mkl25z4.o(.text)
    LLWU_IRQHandler                          0x0000019f   Thumb Code     0  startup_mkl25z4.o(.text)
    LPTMR0_IRQHandler                        0x0000019f   Thumb Code     0  startup_mkl25z4.o(.text)
    LVD_LVW_IRQHandler                       0x0000019f   Thumb Code     0  startup_mkl25z4.o(.text)
    MCG_IRQHandler                           0x0000019f   Thumb Code     0  startup_mkl25z4.o(.text)
    PIT_IRQHandler                           0x0000019f   Thumb Code     0  startup_mkl25z4.o(.text)
    PORTA_IRQHandler                         0x0000019f   Thumb Code     0  startup_mkl25z4.o(.text)
    PORTD_IRQHandler                         0x0000019f   Thumb Code     0  startup_mkl25z4.o(.text)
    RTC_IRQHandler                           0x0000019f   Thumb Code     0  startup_mkl25z4.o(.text)
    RTC_Seconds_IRQHandler                   0x0000019f   Thumb Code     0  startup_mkl25z4.o(.text)
    Reserved20_IRQHandler                    0x0000019f   Thumb Code     0  startup_mkl25z4.o(.text)
    Reserved39_IRQHandler                    0x0000019f   Thumb Code     0  startup_mkl25z4.o(.text)
    Reserved45_IRQHandler                    0x0000019f   Thumb Code     0  startup_mkl25z4.o(.text)
    SPI0_IRQHandler                          0x0000019f   Thumb Code     0  startup_mkl25z4.o(.text)
    SPI1_IRQHandler                          0x0000019f   Thumb Code     0  startup_mkl25z4.o(.text)
    TPM0_IRQHandler                          0x0000019f   Thumb Code     0  startup_mkl25z4.o(.text)
    TPM1_IRQHandler                          0x0000019f   Thumb Code     0  startup_mkl25z4.o(.text)
    TPM2_IRQHandler                          0x0000019f   Thumb Code     0  startup_mkl25z4.o(.text)
    TSI0_IRQHandler                          0x0000019f   Thumb Code     0  startup_mkl25z4.o(.text)
    UART0_IRQHandler                         0x0000019f   Thumb Code     0  startup_mkl25z4.o(.text)
    UART1_IRQHandler                         0x0000019f   Thumb Code     0  startup_mkl25z4.o(.text)
    USB0_IRQHandler                          0x0000019f   Thumb Code     0  startup_mkl25z4.o(.text)
    __user_initial_stackheap                 0x000001a5   Thumb Code     0  startup_mkl25z4.o(.text)
    SVC_Handler                              0x000001c9   Thumb Code   132  irq_cm0.o(.text)
    PendSV_Handler                           0x0000024d   Thumb Code    12  irq_cm0.o(.text)
    SysTick_Handler                          0x00000259   Thumb Code    12  irq_cm0.o(.text)
    __aeabi_memcpy                           0x0000026d   Thumb Code   130  rt_memcpy.o(.text)
    __rt_memcpy                              0x0000026d   Thumb Code     0  rt_memcpy.o(.text)
    _memset_w                                0x000002ef   Thumb Code    26  rt_memclr.o(.text)
    _memset                                  0x00000309   Thumb Code    30  rt_memclr.o(.text)
    __aeabi_memclr                           0x00000327   Thumb Code     4  rt_memclr.o(.text)
    __rt_memclr                              0x00000327   Thumb Code     0  rt_memclr.o(.text)
    __aeabi_memclr4                          0x0000032b   Thumb Code     0  rt_memclr.o(.text)
    __aeabi_memclr8                          0x0000032b   Thumb Code     0  rt_memclr.o(.text)
    __rt_memclr_w                            0x0000032b   Thumb Code     4  rt_memclr.o(.text)
    __use_two_region_memory                  0x0000032f   Thumb Code     2  heapauxi.o(.text)
    __rt_heap_escrow$2region                 0x00000331   Thumb Code     2  heapauxi.o(.text)
    __rt_heap_expand$2region                 0x00000333   Thumb Code     2  heapauxi.o(.text)
    __aeabi_f2uiz                            0x00000335   Thumb Code     0  ffixui.o(.text)
    _ffixu                                   0x00000335   Thumb Code    48  ffixui.o(.text)
    __aeabi_i2f_normalise                    0x00000365   Thumb Code    72  fflti.o(.text)
    __aeabi_i2f                              0x000003ad   Thumb Code    16  fflti.o(.text)
    _fflt                                    0x000003ad   Thumb Code     0  fflti.o(.text)
    __aeabi_ui2f                             0x000003bd   Thumb Code     6  fflti.o(.text)
    _ffltu                                   0x000003bd   Thumb Code     0  fflti.o(.text)
    __fpl_cmpreturn                          0x000003c3   Thumb Code    46  cmpret.o(.text)
    __fpl_fcheck_NaN2                        0x000003f1   Thumb Code    10  fnan2.o(.text)
    __aeabi_uidiv                            0x00000411   Thumb Code     0  aeabi_sdiv.o(.text)
    __aeabi_uidivmod                         0x00000411   Thumb Code    20  aeabi_sdiv.o(.text)
    __aeabi_idiv                             0x00000425   Thumb Code     0  aeabi_sdiv.o(.text)
    __aeabi_idivmod                          0x00000425   Thumb Code   326  aeabi_sdiv.o(.text)
    __aeabi_fdiv                             0x0000056d   Thumb Code     0  fdiv.o(.text)
    _fdiv                                    0x0000056d   Thumb Code   334  fdiv.o(.text)
    _frdiv                                   0x000006bb   Thumb Code     8  fdiv.o(.text)
    __fpl_fcmp_InfNaN                        0x000006cd   Thumb Code    96  fcmpin.o(.text)
    __user_setup_stackheap                   0x00000731   Thumb Code    62  sys_stackheap_outer.o(.text)
    exit                                     0x0000076f   Thumb Code    16  exit.o(.text)
    __fpl_return_NaN                         0x0000077f   Thumb Code    94  retnan.o(.text)
    __user_libspace                          0x000007dd   Thumb Code     8  libspace.o(.text)
    __user_perproc_libspace                  0x000007dd   Thumb Code     0  libspace.o(.text)
    _sys_exit                                0x000007e5   Thumb Code     8  sys_exit.o(.text)
    __I$use$semihosting                      0x000007f1   Thumb Code     0  use_no_semi.o(.text)
    __use_no_semihosting_swi                 0x000007f1   Thumb Code     2  use_no_semi.o(.text)
    __decompress                             0x000007f3   Thumb Code     0  __dczerorl.o(.text)
    __decompress0                            0x000007f3   Thumb Code    58  __dczerorl.o(.text)
    __semihosting_library_function           0x000007f3   Thumb Code     0  indicate_semi.o(.text)
    OS_Tick_AcknowledgeIRQ                   0x00000949   Thumb Code    12  os_systick.o(.text.OS_Tick_AcknowledgeIRQ)
    OS_Tick_Enable                           0x00000955   Thumb Code    44  os_systick.o(.text.OS_Tick_Enable)
    OS_Tick_GetIRQn                          0x00000981   Thumb Code     6  os_systick.o(.text.OS_Tick_GetIRQn)
    OS_Tick_Setup                            0x00000989   Thumb Code    76  os_systick.o(.text.OS_Tick_Setup)
    osEventFlagsNew                          0x00000a71   Thumb Code    36  rtx_evflags.o(.text.osEventFlagsNew)
    osEventFlagsSet                          0x00000a95   Thumb Code    80  rtx_evflags.o(.text.osEventFlagsSet)
    osEventFlagsWait                         0x00000ae5   Thumb Code    68  rtx_evflags.o(.text.osEventFlagsWait)
    osKernelGetState                         0x00000b29   Thumb Code    48  rtx_kernel.o(.text.osKernelGetState)
    osKernelInitialize                       0x00000b59   Thumb Code    40  rtx_kernel.o(.text.osKernelInitialize)
    osKernelStart                            0x00000b81   Thumb Code    36  rtx_kernel.o(.text.osKernelStart)
    osMessageQueueGet                        0x00000ba5   Thumb Code   116  rtx_msgqueue.o(.text.osMessageQueueGet)
    osMessageQueueNew                        0x00000c19   Thumb Code    36  rtx_msgqueue.o(.text.osMessageQueueNew)
    osMessageQueuePut                        0x00000c3d   Thumb Code   120  rtx_msgqueue.o(.text.osMessageQueuePut)
    osMutexAcquire                           0x00000cb5   Thumb Code    40  rtx_mutex.o(.text.osMutexAcquire)
    osMutexDelete                            0x00000cdd   Thumb Code    40  rtx_mutex.o(.text.osMutexDelete)
    osMutexNew                               0x00000d05   Thumb Code    36  rtx_mutex.o(.text.osMutexNew)
    osMutexRelease                           0x00000d29   Thumb Code    40  rtx_mutex.o(.text.osMutexRelease)
    osRtxKernelPreInit                       0x00000d85   Thumb Code     2  rtx_kernel.o(.text.osRtxKernelPreInit)
    osRtxMemoryAlloc                         0x00000d87   Thumb Code   124  rtx_memory.o(.text.osRtxMemoryAlloc)
    osRtxMemoryFree                          0x00000e03   Thumb Code    78  rtx_memory.o(.text.osRtxMemoryFree)
    osRtxMemoryInit                          0x00000e51   Thumb Code    50  rtx_memory.o(.text.osRtxMemoryInit)
    osRtxMemoryPoolAlloc                     0x00000e83   Thumb Code    46  rtx_mempool.o(.text.osRtxMemoryPoolAlloc)
    osRtxMemoryPoolFree                      0x00000eb1   Thumb Code    58  rtx_mempool.o(.text.osRtxMemoryPoolFree)
    osRtxMemoryPoolInit                      0x00000eeb   Thumb Code    62  rtx_mempool.o(.text.osRtxMemoryPoolInit)
    osRtxMutexOwnerRelease                   0x00000fe5   Thumb Code    68  rtx_mutex.o(.text.osRtxMutexOwnerRelease)
    osRtxPendSV_Handler                      0x00001029   Thumb Code   128  rtx_system.o(.text.osRtxPendSV_Handler)
    osRtxPostProcess                         0x000010a9   Thumb Code   108  rtx_system.o(.text.osRtxPostProcess)
    osRtxThreadDelayTick                     0x00001211   Thumb Code    56  rtx_thread.o(.text.osRtxThreadDelayTick)
    osRtxThreadDispatch                      0x00001249   Thumb Code    80  rtx_thread.o(.text.osRtxThreadDispatch)
    osRtxThreadListGet                       0x000012ed   Thumb Code    20  rtx_thread.o(.text.osRtxThreadListGet)
    osRtxThreadListPut                       0x00001301   Thumb Code    44  rtx_thread.o(.text.osRtxThreadListPut)
    osRtxThreadListRemove                    0x0000132d   Thumb Code    24  rtx_thread.o(.text.osRtxThreadListRemove)
    osRtxThreadListSort                      0x00001345   Thumb Code    38  rtx_thread.o(.text.osRtxThreadListSort)
    osRtxThreadReadyPut                      0x00001391   Thumb Code    24  rtx_thread.o(.text.osRtxThreadReadyPut)
    osRtxThreadRegPtr                        0x000013a9   Thumb Code     6  rtx_thread.o(.text.osRtxThreadRegPtr)
    osRtxThreadStackCheck                    0x000013b1   Thumb Code    44  rtx_thread.o(.text.osRtxThreadStackCheck)
    osRtxThreadStartup                       0x000013dd   Thumb Code    64  rtx_thread.o(.text.osRtxThreadStartup)
    osRtxThreadSwitch                        0x0000141d   Thumb Code    20  rtx_thread.o(.text.osRtxThreadSwitch)
    osRtxThreadWaitEnter                     0x00001431   Thumb Code    60  rtx_thread.o(.text.osRtxThreadWaitEnter)
    osRtxThreadWaitExit                      0x0000146d   Thumb Code    34  rtx_thread.o(.text.osRtxThreadWaitExit)
    osRtxTick_Handler                        0x00001491   Thumb Code   116  rtx_system.o(.text.osRtxTick_Handler)
    osRtxTimerThread                         0x00001505   Thumb Code    60  rtx_timer.o(.text.osRtxTimerThread)
    osThreadExit                             0x000015a1   Thumb Code    12  rtx_thread.o(.text.osThreadExit)
    osThreadNew                              0x000015ad   Thumb Code    36  rtx_thread.o(.text.osThreadNew)
    SystemCoreClockUpdate                    0x00002161   Thumb Code   372  system_mkl25z4.o(i.SystemCoreClockUpdate)
    SystemInit                               0x000022f1   Thumb Code     8  system_mkl25z4.o(i.SystemInit)
    UART2_IRQHandler                         0x000022fd   Thumb Code    34  main.o(i.UART2_IRQHandler)
    __ARM_common_switch8                     0x0000232d   Thumb Code    28  rtx_config.o(i.__ARM_common_switch8)
    _mutex_acquire                           0x000023c1   Thumb Code    24  rtx_lib.o(i._mutex_acquire)
    _mutex_free                              0x000023d9   Thumb Code    12  rtx_lib.o(i._mutex_free)
    _mutex_initialize                        0x000023e5   Thumb Code    36  rtx_lib.o(i._mutex_initialize)
    _mutex_release                           0x00002409   Thumb Code    20  rtx_lib.o(i._mutex_release)
    _platform_post_stackheap_init            0x0000241d   Thumb Code     8  rtx_lib.o(i._platform_post_stackheap_init)
    initPwm                                  0x00002425   Thumb Code   214  main.o(i.initPwm)
    initUart                                 0x00002511   Thumb Code   198  main.o(i.initUart)
    leftPwmThread                            0x000025ed   Thumb Code    84  main.o(i.leftPwmThread)
    main                                     0x0000264d   Thumb Code   106  main.o(i.main)
    osRtxErrorNotify                         0x000026e1   Thumb Code    32  rtx_config.o(i.osRtxErrorNotify)
    osRtxIdleThread                          0x00002701   Thumb Code     4  rtx_config.o(i.osRtxIdleThread)
    packetThread                             0x00002729   Thumb Code    24  main.o(i.packetThread)
    processPacket                            0x00002745   Thumb Code   124  main.o(i.processPacket)
    rightPwmThread                           0x000027d9   Thumb Code    84  main.o(i.rightPwmThread)
    setMotorLeftPWM                          0x00002839   Thumb Code    60  main.o(i.setMotorLeftPWM)
    setMotorRightPWM                         0x00002879   Thumb Code    60  main.o(i.setMotorRightPWM)
    __aeabi_cfcmple                          0x000028b9   Thumb Code     0  flef.o(x$fpl$fleqf)
    _fcmple                                  0x000028b9   Thumb Code    78  flef.o(x$fpl$fleqf)
    __aeabi_fmul                             0x0000290d   Thumb Code     0  fmul.o(x$fpl$fmul)
    _fmul                                    0x0000290d   Thumb Code   172  fmul.o(x$fpl$fmul)
    __I$use$fp                               0x000029bc   Number         0  usenofp.o(x$fpl$usenofp)
    osRtxUserSVC                             0x00002a1c   Data           4  rtx_lib.o(.constdata)
    irqRtxLib                                0x00002a20   Data           1  irq_cm0.o(.constdata)
    osRtxConfig                              0x00002a64   Data         104  rtx_lib.o(.rodata)
    os_cb_sections                           0x00002acc   Data          56  rtx_lib.o(.rodata)
    Region$$Table$$Base                      0x00002b10   Number         0  anon$$obj.o(Region$$Table)
    Region$$Table$$Limit                     0x00002b30   Number         0  anon$$obj.o(Region$$Table)
    .bss.os.msgqueue.cb$$Base                0x20000040   Number         0  rtx_lib.o(.bss.os.msgqueue.cb)
    .bss.os.msgqueue.cb$$Limit               0x20000074   Number         0  rtx_lib.o(.bss.os.msgqueue.cb)
    .bss.os.thread.cb$$Base                  0x200000c4   Number         0  rtx_lib.o(.bss.os.thread.cb)
    .bss.os.thread.cb$$Limit                 0x2000014c   Number         0  rtx_lib.o(.bss.os.thread.cb)
    rx_data                                  0x20000350   Data           1  main.o(.data)
    leftMotorValue                           0x20000354   Data           4  main.o(.data)
    rightMotorValue                          0x20000358   Data           4  main.o(.data)
    packetThreadId                           0x2000035c   Data           4  main.o(.data)
    rightPwmThreadId                         0x20000360   Data           4  main.o(.data)
    leftPwmThreadId                          0x20000364   Data           4  main.o(.data)
    rightPwmValueMutex                       0x20000368   Data           4  main.o(.data)
    leftPwmValueMutex                        0x2000036c   Data           4  main.o(.data)
    newPacketFlag                            0x20000370   Data           4  main.o(.data)
    newPwmValueFlag                          0x20000374   Data           4  main.o(.data)
    irqRtxLibRef                             0x20000378   Data           4  rtx_lib.o(.data)
    SystemCoreClock                          0x20000380   Data           4  system_mkl25z4.o(.data)
    osRtxInfo                                0x20000384   Data         164  rtx_kernel.o(.data.os)
    __libspace_start                         0x20000428   Data          96  libspace.o(.bss)
    __temporary_stack_top$libspace           0x20000488   Data           0  libspace.o(.bss)



==============================================================================

Memory Map of the image

  Image Entry point : 0x00000189

  Load Region LR_1 (Base: 0x00000000, Size: 0x00003f58, Max: 0xffffffff, ABSOLUTE, COMPRESSED[0x00002b6c])

    Execution Region ER_RO (Exec base: 0x00000000, Load base: 0x00000000, Size: 0x00002b30, Max: 0xffffffff, ABSOLUTE)

    Exec Addr    Load Addr    Size         Type   Attr      Idx    E Section Name        Object

    0x00000000   0x00000000   0x000000c0   Data   RO          238    RESET               startup_mkl25z4.o
    0x000000c0   0x000000c0   0x00000008   Code   RO          783  * !!!main             c_p.l(__main.o)
    0x000000c8   0x000000c8   0x0000003c   Code   RO          972    !!!scatter          c_p.l(__scatter.o)
    0x00000104   0x00000104   0x0000001c   Code   RO          974    !!handler_zi        c_p.l(__scatter_zi.o)
    0x00000120   0x00000120   0x00000002   Code   RO          837    .ARM.Collect$$libinit$$00000000  c_p.l(libinit.o)
    0x00000122   0x00000122   0x00000000   Code   RO          853    .ARM.Collect$$libinit$$00000002  c_p.l(libinit2.o)
    0x00000122   0x00000122   0x00000000   Code   RO          855    .ARM.Collect$$libinit$$00000004  c_p.l(libinit2.o)
    0x00000122   0x00000122   0x00000000   Code   RO          858    .ARM.Collect$$libinit$$0000000A  c_p.l(libinit2.o)
    0x00000122   0x00000122   0x00000000   Code   RO          860    .ARM.Collect$$libinit$$0000000C  c_p.l(libinit2.o)
    0x00000122   0x00000122   0x00000000   Code   RO          862    .ARM.Collect$$libinit$$0000000E  c_p.l(libinit2.o)
    0x00000122   0x00000122   0x00000000   Code   RO          865    .ARM.Collect$$libinit$$00000011  c_p.l(libinit2.o)
    0x00000122   0x00000122   0x00000000   Code   RO          867    .ARM.Collect$$libinit$$00000013  c_p.l(libinit2.o)
    0x00000122   0x00000122   0x00000000   Code   RO          869    .ARM.Collect$$libinit$$00000015  c_p.l(libinit2.o)
    0x00000122   0x00000122   0x00000000   Code   RO          871    .ARM.Collect$$libinit$$00000017  c_p.l(libinit2.o)
    0x00000122   0x00000122   0x00000000   Code   RO          873    .ARM.Collect$$libinit$$00000019  c_p.l(libinit2.o)
    0x00000122   0x00000122   0x00000000   Code   RO          875    .ARM.Collect$$libinit$$0000001B  c_p.l(libinit2.o)
    0x00000122   0x00000122   0x00000000   Code   RO          877    .ARM.Collect$$libinit$$0000001D  c_p.l(libinit2.o)
    0x00000122   0x00000122   0x00000000   Code   RO          879    .ARM.Collect$$libinit$$0000001F  c_p.l(libinit2.o)
    0x00000122   0x00000122   0x00000000   Code   RO          881    .ARM.Collect$$libinit$$00000021  c_p.l(libinit2.o)
    0x00000122   0x00000122   0x00000000   Code   RO          883    .ARM.Collect$$libinit$$00000023  c_p.l(libinit2.o)
    0x00000122   0x00000122   0x00000000   Code   RO          885    .ARM.Collect$$libinit$$00000025  c_p.l(libinit2.o)
    0x00000122   0x00000122   0x00000000   Code   RO          889    .ARM.Collect$$libinit$$0000002C  c_p.l(libinit2.o)
    0x00000122   0x00000122   0x00000000   Code   RO          891    .ARM.Collect$$libinit$$0000002E  c_p.l(libinit2.o)
    0x00000122   0x00000122   0x00000000   Code   RO          893    .ARM.Collect$$libinit$$00000030  c_p.l(libinit2.o)
    0x00000122   0x00000122   0x00000000   Code   RO          895    .ARM.Collect$$libinit$$00000032  c_p.l(libinit2.o)
    0x00000122   0x00000122   0x00000002   Code   RO          896    .ARM.Collect$$libinit$$00000033  c_p.l(libinit2.o)
    0x00000124   0x00000124   0x00000002   Code   RO          927    .ARM.Collect$$libshutdown$$00000000  c_p.l(libshutdown.o)
    0x00000126   0x00000126   0x00000000   Code   RO          953    .ARM.Collect$$libshutdown$$00000002  c_p.l(libshutdown2.o)
    0x00000126   0x00000126   0x00000000   Code   RO          955    .ARM.Collect$$libshutdown$$00000004  c_p.l(libshutdown2.o)
    0x00000126   0x00000126   0x00000000   Code   RO          958    .ARM.Collect$$libshutdown$$00000007  c_p.l(libshutdown2.o)
    0x00000126   0x00000126   0x00000000   Code   RO          961    .ARM.Collect$$libshutdown$$0000000A  c_p.l(libshutdown2.o)
    0x00000126   0x00000126   0x00000000   Code   RO          963    .ARM.Collect$$libshutdown$$0000000C  c_p.l(libshutdown2.o)
    0x00000126   0x00000126   0x00000000   Code   RO          966    .ARM.Collect$$libshutdown$$0000000F  c_p.l(libshutdown2.o)
    0x00000126   0x00000126   0x00000002   Code   RO          967    .ARM.Collect$$libshutdown$$00000010  c_p.l(libshutdown2.o)
    0x00000128   0x00000128   0x00000000   Code   RO          796    .ARM.Collect$$rtentry$$00000000  c_p.l(__rtentry.o)
    0x00000128   0x00000128   0x00000000   Code   RO          805    .ARM.Collect$$rtentry$$00000002  c_p.l(__rtentry2.o)
    0x00000128   0x00000128   0x00000006   Code   RO          817    .ARM.Collect$$rtentry$$00000004  c_p.l(__rtentry4.o)
    0x0000012e   0x0000012e   0x00000008   Code   RO          806    .ARM.Collect$$rtentry$$00000008  c_p.l(__rtentry2.o)
    0x00000136   0x00000136   0x00000004   Code   RO          808    .ARM.Collect$$rtentry$$0000000A  c_p.l(__rtentry2.o)
    0x0000013a   0x0000013a   0x00000000   Code   RO          810    .ARM.Collect$$rtentry$$0000000C  c_p.l(__rtentry2.o)
    0x0000013a   0x0000013a   0x00000008   Code   RO          811    .ARM.Collect$$rtentry$$0000000D  c_p.l(__rtentry2.o)
    0x00000142   0x00000142   0x00000002   Code   RO          844    .ARM.Collect$$rtexit$$00000000  c_p.l(rtexit.o)
    0x00000144   0x00000144   0x00000000   Code   RO          900    .ARM.Collect$$rtexit$$00000002  c_p.l(rtexit2.o)
    0x00000144   0x00000144   0x00000004   Code   RO          901    .ARM.Collect$$rtexit$$00000003  c_p.l(rtexit2.o)
    0x00000148   0x00000148   0x00000006   Code   RO          902    .ARM.Collect$$rtexit$$00000004  c_p.l(rtexit2.o)
    0x0000014e   0x0000014e   0x00000002   PAD
    0x00000150   0x00000150   0x00000038   Code   RO          771    .emb_text           c_p.l(rt_memcpy.o)
    0x00000188   0x00000188   0x00000040   Code   RO          240  * .text               startup_mkl25z4.o
    0x000001c8   0x000001c8   0x000000a4   Code   RO          556    .text               RTX_CM0.lib(irq_cm0.o)
    0x0000026c   0x0000026c   0x00000082   Code   RO          772    .text               c_p.l(rt_memcpy.o)
    0x000002ee   0x000002ee   0x00000040   Code   RO          775    .text               c_p.l(rt_memclr.o)
    0x0000032e   0x0000032e   0x00000006   Code   RO          781    .text               c_p.l(heapauxi.o)
    0x00000334   0x00000334   0x00000030   Code   RO          788    .text               fz_ps.l(ffixui.o)
    0x00000364   0x00000364   0x0000005e   Code   RO          790    .text               fz_ps.l(fflti.o)
    0x000003c2   0x000003c2   0x0000002e   Code   RO          821    .text               fz_ps.l(cmpret.o)
    0x000003f0   0x000003f0   0x00000010   Code   RO          823    .text               fz_ps.l(fnan2.o)
    0x00000400   0x00000400   0x00000010   Code   RO          239    .ARM.__at_0x400     startup_mkl25z4.o
    0x00000410   0x00000410   0x0000015a   Code   RO          777    .text               c_p.l(aeabi_sdiv.o)
    0x0000056a   0x0000056a   0x00000002   PAD
    0x0000056c   0x0000056c   0x00000160   Code   RO          785    .text               fz_ps.l(fdiv.o)
    0x000006cc   0x000006cc   0x00000064   Code   RO          801    .text               fz_ps.l(fcmpin.o)
    0x00000730   0x00000730   0x0000003e   Code   RO          825    .text               c_p.l(sys_stackheap_outer.o)
    0x0000076e   0x0000076e   0x00000010   Code   RO          828    .text               c_p.l(exit.o)
    0x0000077e   0x0000077e   0x0000005e   Code   RO          838    .text               fz_ps.l(retnan.o)
    0x000007dc   0x000007dc   0x00000008   Code   RO          840    .text               c_p.l(libspace.o)
    0x000007e4   0x000007e4   0x0000000c   Code   RO          897    .text               c_p.l(sys_exit.o)
    0x000007f0   0x000007f0   0x00000002   Code   RO          916    .text               c_p.l(use_no_semi.o)
    0x000007f2   0x000007f2   0x00000000   Code   RO          918    .text               c_p.l(indicate_semi.o)
    0x000007f2   0x000007f2   0x0000003a   Code   RO          970    .text               c_p.l(__dczerorl.o)
    0x0000082c   0x0000082c   0x0000004e   Code   RO          502    .text.EventFlagsCheck  RTX_CM0.lib(rtx_evflags.o)
    0x0000087a   0x0000087a   0x0000004c   Code   RO          753    .text.MessageQueueGet  RTX_CM0.lib(rtx_msgqueue.o)
    0x000008c6   0x000008c6   0x00000062   Code   RO          747    .text.MessageQueuePut  RTX_CM0.lib(rtx_msgqueue.o)
    0x00000928   0x00000928   0x0000001e   Code   RO          745    .text.MessageQueueRemove  RTX_CM0.lib(rtx_msgqueue.o)
    0x00000946   0x00000946   0x00000002   PAD
    0x00000948   0x00000948   0x0000000c   Code   RO          691    .text.OS_Tick_AcknowledgeIRQ  RTX_CM0.lib(os_systick.o)
    0x00000954   0x00000954   0x0000002c   Code   RO          687    .text.OS_Tick_Enable  RTX_CM0.lib(os_systick.o)
    0x00000980   0x00000980   0x00000006   Code   RO          693    .text.OS_Tick_GetIRQn  RTX_CM0.lib(os_systick.o)
    0x00000986   0x00000986   0x00000002   PAD
    0x00000988   0x00000988   0x0000004c   Code   RO          685    .text.OS_Tick_Setup  RTX_CM0.lib(os_systick.o)
    0x000009d4   0x000009d4   0x0000004e   Code   RO          427    .text.ThreadFlagsCheck  RTX_CM0.lib(rtx_thread.o)
    0x00000a22   0x00000a22   0x00000002   PAD
    0x00000a24   0x00000a24   0x0000004c   Code   RO          577    .text.TimerInsert   RTX_CM0.lib(rtx_timer.o)
    0x00000a70   0x00000a70   0x00000024   Code   RO          480    .text.osEventFlagsNew  RTX_CM0.lib(rtx_evflags.o)
    0x00000a94   0x00000a94   0x00000050   Code   RO          484    .text.osEventFlagsSet  RTX_CM0.lib(rtx_evflags.o)
    0x00000ae4   0x00000ae4   0x00000044   Code   RO          494    .text.osEventFlagsWait  RTX_CM0.lib(rtx_evflags.o)
    0x00000b28   0x00000b28   0x00000030   Code   RO          290    .text.osKernelGetState  RTX_CM0.lib(rtx_kernel.o)
    0x00000b58   0x00000b58   0x00000028   Code   RO          284    .text.osKernelInitialize  RTX_CM0.lib(rtx_kernel.o)
    0x00000b80   0x00000b80   0x00000024   Code   RO          294    .text.osKernelStart  RTX_CM0.lib(rtx_kernel.o)
    0x00000ba4   0x00000ba4   0x00000074   Code   RO          719    .text.osMessageQueueGet  RTX_CM0.lib(rtx_msgqueue.o)
    0x00000c18   0x00000c18   0x00000024   Code   RO          713    .text.osMessageQueueNew  RTX_CM0.lib(rtx_msgqueue.o)
    0x00000c3c   0x00000c3c   0x00000078   Code   RO          717    .text.osMessageQueuePut  RTX_CM0.lib(rtx_msgqueue.o)
    0x00000cb4   0x00000cb4   0x00000028   Code   RO          527    .text.osMutexAcquire  RTX_CM0.lib(rtx_mutex.o)
    0x00000cdc   0x00000cdc   0x00000028   Code   RO          533    .text.osMutexDelete  RTX_CM0.lib(rtx_mutex.o)
    0x00000d04   0x00000d04   0x00000024   Code   RO          523    .text.osMutexNew    RTX_CM0.lib(rtx_mutex.o)
    0x00000d28   0x00000d28   0x00000028   Code   RO          529    .text.osMutexRelease  RTX_CM0.lib(rtx_mutex.o)
    0x00000d50   0x00000d50   0x00000034   Code   RO          500    .text.osRtxEventFlagsPostProcess  RTX_CM0.lib(rtx_evflags.o)
    0x00000d84   0x00000d84   0x00000002   Code   RO          282    .text.osRtxKernelPreInit  RTX_CM0.lib(rtx_kernel.o)
    0x00000d86   0x00000d86   0x0000007c   Code   RO          604    .text.osRtxMemoryAlloc  RTX_CM0.lib(rtx_memory.o)
    0x00000e02   0x00000e02   0x0000004e   Code   RO          606    .text.osRtxMemoryFree  RTX_CM0.lib(rtx_memory.o)
    0x00000e50   0x00000e50   0x00000032   Code   RO          602    .text.osRtxMemoryInit  RTX_CM0.lib(rtx_memory.o)
    0x00000e82   0x00000e82   0x0000002e   Code   RO          619    .text.osRtxMemoryPoolAlloc  RTX_CM0.lib(rtx_mempool.o)
    0x00000eb0   0x00000eb0   0x0000003a   Code   RO          621    .text.osRtxMemoryPoolFree  RTX_CM0.lib(rtx_mempool.o)
    0x00000eea   0x00000eea   0x0000003e   Code   RO          617    .text.osRtxMemoryPoolInit  RTX_CM0.lib(rtx_mempool.o)
    0x00000f28   0x00000f28   0x000000bc   Code   RO          743    .text.osRtxMessageQueuePostProcess  RTX_CM0.lib(rtx_msgqueue.o)
    0x00000fe4   0x00000fe4   0x00000044   Code   RO          521    .text.osRtxMutexOwnerRelease  RTX_CM0.lib(rtx_mutex.o)
    0x00001028   0x00001028   0x00000080   Code   RO          672    .text.osRtxPendSV_Handler  RTX_CM0.lib(rtx_system.o)
    0x000010a8   0x000010a8   0x0000006c   Code   RO          674    .text.osRtxPostProcess  RTX_CM0.lib(rtx_system.o)
    0x00001114   0x00001114   0x00000038   Code   RO          367    .text.osRtxThreadBlock  RTX_CM0.lib(rtx_thread.o)
    0x0000114c   0x0000114c   0x00000080   Code   RO          375    .text.osRtxThreadDelayInsert  RTX_CM0.lib(rtx_thread.o)
    0x000011cc   0x000011cc   0x00000044   Code   RO          371    .text.osRtxThreadDelayRemove  RTX_CM0.lib(rtx_thread.o)
    0x00001210   0x00001210   0x00000038   Code   RO          357    .text.osRtxThreadDelayTick  RTX_CM0.lib(rtx_thread.o)
    0x00001248   0x00001248   0x00000050   Code   RO          365    .text.osRtxThreadDispatch  RTX_CM0.lib(rtx_thread.o)
    0x00001298   0x00001298   0x00000054   Code   RO          451    .text.osRtxThreadFree  RTX_CM0.lib(rtx_thread.o)
    0x000012ec   0x000012ec   0x00000014   Code   RO          349    .text.osRtxThreadListGet  RTX_CM0.lib(rtx_thread.o)
    0x00001300   0x00001300   0x0000002c   Code   RO          347    .text.osRtxThreadListPut  RTX_CM0.lib(rtx_thread.o)
    0x0000132c   0x0000132c   0x00000018   Code   RO          353    .text.osRtxThreadListRemove  RTX_CM0.lib(rtx_thread.o)
    0x00001344   0x00001344   0x00000026   Code   RO          351    .text.osRtxThreadListSort  RTX_CM0.lib(rtx_thread.o)
    0x0000136a   0x0000136a   0x00000026   Code   RO          425    .text.osRtxThreadPostProcess  RTX_CM0.lib(rtx_thread.o)
    0x00001390   0x00001390   0x00000018   Code   RO          355    .text.osRtxThreadReadyPut  RTX_CM0.lib(rtx_thread.o)
    0x000013a8   0x000013a8   0x00000006   Code   RO          359    .text.osRtxThreadRegPtr  RTX_CM0.lib(rtx_thread.o)
    0x000013ae   0x000013ae   0x00000002   PAD
    0x000013b0   0x000013b0   0x0000002c   Code   RO          363    .text.osRtxThreadStackCheck  RTX_CM0.lib(rtx_thread.o)
    0x000013dc   0x000013dc   0x00000040   Code   RO          377    .text.osRtxThreadStartup  RTX_CM0.lib(rtx_thread.o)
    0x0000141c   0x0000141c   0x00000014   Code   RO          361    .text.osRtxThreadSwitch  RTX_CM0.lib(rtx_thread.o)
    0x00001430   0x00001430   0x0000003c   Code   RO          373    .text.osRtxThreadWaitEnter  RTX_CM0.lib(rtx_thread.o)
    0x0000146c   0x0000146c   0x00000022   Code   RO          369    .text.osRtxThreadWaitExit  RTX_CM0.lib(rtx_thread.o)
    0x0000148e   0x0000148e   0x00000002   PAD
    0x00001490   0x00001490   0x00000074   Code   RO          670    .text.osRtxTick_Handler  RTX_CM0.lib(rtx_system.o)
    0x00001504   0x00001504   0x0000003c   Code   RO          561    .text.osRtxTimerThread  RTX_CM0.lib(rtx_timer.o)
    0x00001540   0x00001540   0x00000060   Code   RO          563    .text.osRtxTimerTick  RTX_CM0.lib(rtx_timer.o)
    0x000015a0   0x000015a0   0x0000000c   Code   RO          409    .text.osThreadExit  RTX_CM0.lib(rtx_thread.o)
    0x000015ac   0x000015ac   0x00000024   Code   RO          381    .text.osThreadNew   RTX_CM0.lib(rtx_thread.o)
    0x000015d0   0x000015d0   0x00000074   Code   RO          498    .text.svcRtxEventFlagsNew  RTX_CM0.lib(rtx_evflags.o)
    0x00001644   0x00001644   0x0000007c   Code   RO          506    .text.svcRtxEventFlagsSet  RTX_CM0.lib(rtx_evflags.o)
    0x000016c0   0x000016c0   0x00000064   Code   RO          508    .text.svcRtxEventFlagsWait  RTX_CM0.lib(rtx_evflags.o)
    0x00001724   0x00001724   0x0000000c   Code   RO          292    .text.svcRtxKernelGetState  RTX_CM0.lib(rtx_kernel.o)
    0x00001730   0x00001730   0x00000148   Code   RO          322    .text.svcRtxKernelInitialize  RTX_CM0.lib(rtx_kernel.o)
    0x00001878   0x00001878   0x00000084   Code   RO          324    .text.svcRtxKernelStart  RTX_CM0.lib(rtx_kernel.o)
    0x000018fc   0x000018fc   0x000000e8   Code   RO          755    .text.svcRtxMessageQueueGet  RTX_CM0.lib(rtx_msgqueue.o)
    0x000019e4   0x000019e4   0x000001e4   Code   RO          741    .text.svcRtxMessageQueueNew  RTX_CM0.lib(rtx_msgqueue.o)
    0x00001bc8   0x00001bc8   0x000000bc   Code   RO          751    .text.svcRtxMessageQueuePut  RTX_CM0.lib(rtx_msgqueue.o)
    0x00001c84   0x00001c84   0x00000098   Code   RO          539    .text.svcRtxMutexAcquire  RTX_CM0.lib(rtx_mutex.o)
    0x00001d1c   0x00001d1c   0x000000bc   Code   RO          545    .text.svcRtxMutexDelete  RTX_CM0.lib(rtx_mutex.o)
    0x00001dd8   0x00001dd8   0x00000070   Code   RO          535    .text.svcRtxMutexNew  RTX_CM0.lib(rtx_mutex.o)
    0x00001e48   0x00001e48   0x000000c0   Code   RO          541    .text.svcRtxMutexRelease  RTX_CM0.lib(rtx_mutex.o)
    0x00001f08   0x00001f08   0x0000006c   Code   RO          455    .text.svcRtxThreadExit  RTX_CM0.lib(rtx_thread.o)
    0x00001f74   0x00001f74   0x000001ec   Code   RO          379    .text.svcRtxThreadNew  RTX_CM0.lib(rtx_thread.o)
    0x00002160   0x00002160   0x00000190   Code   RO          248    i.SystemCoreClockUpdate  system_mkl25z4.o
    0x000022f0   0x000022f0   0x0000000c   Code   RO          249    i.SystemInit        system_mkl25z4.o
    0x000022fc   0x000022fc   0x00000030   Code   RO            3    i.UART2_IRQHandler  main.o
    0x0000232c   0x0000232c   0x0000001c   Code   RO          227    i.__ARM_common_switch8  rtx_config.o
    0x00002348   0x00002348   0x00000078   Code   RO            4    i.__NVIC_SetPriority  main.o
    0x000023c0   0x000023c0   0x00000018   Code   RO          130    i._mutex_acquire    rtx_lib.o
    0x000023d8   0x000023d8   0x0000000c   Code   RO          131    i._mutex_free       rtx_lib.o
    0x000023e4   0x000023e4   0x00000024   Code   RO          132    i._mutex_initialize  rtx_lib.o
    0x00002408   0x00002408   0x00000014   Code   RO          133    i._mutex_release    rtx_lib.o
    0x0000241c   0x0000241c   0x00000008   Code   RO          134    i._platform_post_stackheap_init  rtx_lib.o
    0x00002424   0x00002424   0x000000ec   Code   RO            5    i.initPwm           main.o
    0x00002510   0x00002510   0x000000dc   Code   RO            6    i.initUart          main.o
    0x000025ec   0x000025ec   0x00000060   Code   RO            7    i.leftPwmThread     main.o
    0x0000264c   0x0000264c   0x00000094   Code   RO            8    i.main              main.o
    0x000026e0   0x000026e0   0x00000020   Code   RO          206    i.osRtxErrorNotify  rtx_config.o
    0x00002700   0x00002700   0x00000004   Code   RO          207    i.osRtxIdleThread   rtx_config.o
    0x00002704   0x00002704   0x00000024   Code   RO          135    i.os_kernel_is_active  rtx_lib.o
    0x00002728   0x00002728   0x0000001c   Code   RO           10    i.packetThread      main.o
    0x00002744   0x00002744   0x00000094   Code   RO           11    i.processPacket     main.o
    0x000027d8   0x000027d8   0x00000060   Code   RO           12    i.rightPwmThread    main.o
    0x00002838   0x00002838   0x00000040   Code   RO           13    i.setMotorLeftPWM   main.o
    0x00002878   0x00002878   0x00000040   Code   RO           14    i.setMotorRightPWM  main.o
    0x000028b8   0x000028b8   0x00000054   Code   RO          792    x$fpl$fleqf         fz_ps.l(flef.o)
    0x0000290c   0x0000290c   0x000000b0   Code   RO          794    x$fpl$fmul          fz_ps.l(fmul.o)
    0x000029bc   0x000029bc   0x00000000   Code   RO          803    x$fpl$usenofp       fz_ps.l(usenofp.o)
    0x000029bc   0x000029bc   0x00000064   Data   RO          142    .constdata          rtx_lib.o
    0x00002a20   0x00002a20   0x00000001   Data   RO          555    .constdata          RTX_CM0.lib(irq_cm0.o)
    0x00002a21   0x00002a21   0x00000040   Data   RO          786    .constdata          fz_ps.l(fdiv.o)
    0x00002a61   0x00002a61   0x00000003   PAD
    0x00002a64   0x00002a64   0x000000a0   Data   RO          144    .rodata             rtx_lib.o
    0x00002b04   0x00002b04   0x0000000b   Data   RO          336    .rodata.str1.4      RTX_CM0.lib(rtx_kernel.o)
    0x00002b0f   0x00002b0f   0x00000001   PAD
    0x00002b10   0x00002b10   0x00000020   Data   RO          968    Region$$Table       anon$$obj.o


    Execution Region ER_RW (Exec base: 0x1ffff000, Load base: 0x00002b30, Size: 0x00001428, Max: 0xffffffff, ABSOLUTE, COMPRESSED[0x0000003c])

    Exec Addr    Load Addr    Size         Type   Attr      Idx    E Section Name        Object

    0x1ffff000   COMPRESSED   0x00001040   Data   RW          136    .bss.os             rtx_lib.o
    0x20000040   COMPRESSED   0x00000034   Data   RW          138    .bss.os.msgqueue.cb  rtx_lib.o
    0x20000074   COMPRESSED   0x00000050   Data   RW          139    .bss.os.msgqueue.mem  rtx_lib.o
    0x200000c4   COMPRESSED   0x00000088   Data   RW          140    .bss.os.thread.cb   rtx_lib.o
    0x2000014c   COMPRESSED   0x00000004   PAD
    0x20000150   COMPRESSED   0x00000200   Data   RW          141    .bss.os.thread.stack  rtx_lib.o
    0x20000350   COMPRESSED   0x00000028   Data   RW           15    .data               main.o
    0x20000378   COMPRESSED   0x00000005   Data   RW          143    .data               rtx_lib.o
    0x2000037d   COMPRESSED   0x00000003   PAD
    0x20000380   COMPRESSED   0x00000004   Data   RW          250    .data               system_mkl25z4.o
    0x20000384   COMPRESSED   0x000000a4   Data   RW          337    .data.os            RTX_CM0.lib(rtx_kernel.o)


    Execution Region ER_ZI (Exec base: 0x20000428, Load base: 0x00002b6c, Size: 0x00000168, Max: 0xffffffff, ABSOLUTE)

    Exec Addr    Load Addr    Size         Type   Attr      Idx    E Section Name        Object

    0x20000428        -       0x00000060   Zero   RW          841    .bss                c_p.l(libspace.o)
    0x20000488        -       0x00000001   Zero   RW          703    .bss.PendST         RTX_CM0.lib(os_systick.o)
    0x20000489   0x00002b6c   0x00000007   PAD
    0x20000490        -       0x00000000   Zero   RW          237    HEAP                startup_mkl25z4.o
    0x20000490        -       0x00000100   Zero   RW          236    STACK               startup_mkl25z4.o


==============================================================================

Image component sizes


      Code (inc. data)   RO Data    RW Data    ZI Data      Debug   Object Name

      1268        170          0         40          0     234096   main.o
        64          8          0          0          0       1057   rtx_config.o
       136          6        260       4945          0      12706   rtx_lib.o
        80         44        192          0        256        904   startup_mkl25z4.o
       412         42          0          4          0       1543   system_mkl25z4.o

    ----------------------------------------------------------------------
      1960        270        484       4996        256     250306   Object Totals
         0          0         32          0          0          0   (incl. Generated)
         0          0          0          7          0          0   (incl. Padding)

    ----------------------------------------------------------------------

      Code (inc. data)   RO Data    RW Data    ZI Data      Debug   Library Member Name

       164          8          1          0          0        496   irq_cm0.o
       138         32          0          0          1       2766   os_systick.o
       654         24          0          0          0      12348   rtx_evflags.o
       598         48         11        164          0      16105   rtx_kernel.o
       252          0          0          0          0       2564   rtx_memory.o
       166          0          0          0          0      14282   rtx_mempool.o
      1568         44          0          0          0      17889   rtx_msgqueue.o
       868         32          0          0          0       9201   rtx_mutex.o
       352         26          0          0          0       4635   rtx_system.o
      1614         96          0          0          0      30867   rtx_thread.o
       232         20          0          0          0      10018   rtx_timer.o
        58          0          0          0          0          0   __dczerorl.o
         8          0          0          0          0         68   __main.o
         0          0          0          0          0          0   __rtentry.o
        20          0          0          0          0          0   __rtentry2.o
         6          0          0          0          0          0   __rtentry4.o
        60          8          0          0          0          0   __scatter.o
        28          0          0          0          0          0   __scatter_zi.o
       346          0          0          0          0         92   aeabi_sdiv.o
        16          0          0          0          0         68   exit.o
         6          0          0          0          0        136   heapauxi.o
         0          0          0          0          0          0   indicate_semi.o
         2          0          0          0          0          0   libinit.o
         2          0          0          0          0          0   libinit2.o
         2          0          0          0          0          0   libshutdown.o
         2          0          0          0          0          0   libshutdown2.o
         8          4          0          0         96         68   libspace.o
        64          0          0          0          0        108   rt_memclr.o
       186          0          0          0          0        144   rt_memcpy.o
         2          0          0          0          0          0   rtexit.o
        10          0          0          0          0          0   rtexit2.o
        12          4          0          0          0         60   sys_exit.o
        62          0          0          0          0         80   sys_stackheap_outer.o
         2          0          0          0          0         68   use_no_semi.o
        46          0          0          0          0         60   cmpret.o
       100          4          0          0          0         68   fcmpin.o
       352         10         64          0          0         92   fdiv.o
        48          0          0          0          0         60   ffixui.o
        94          0          0          0          0         92   fflti.o
        84          4          0          0          0         76   flef.o
       176          4          0          0          0         80   fmul.o
        16          6          0          0          0         68   fnan2.o
        94          0          0          0          0         68   retnan.o
         0          0          0          0          0          0   usenofp.o

    ----------------------------------------------------------------------
      8532        374         80        164        104     122727   Library Totals
        14          0          4          0          7          0   (incl. Padding)

    ----------------------------------------------------------------------

      Code (inc. data)   RO Data    RW Data    ZI Data      Debug   Library Name

      6606        330         12        164          1     121171   RTX_CM0.lib
       902         16          0          0         96        892   c_p.l
      1010         28         64          0          0        664   fz_ps.l

    ----------------------------------------------------------------------
      8532        374         80        164        104     122727   Library Totals

    ----------------------------------------------------------------------

==============================================================================


      Code (inc. data)   RO Data    RW Data    ZI Data      Debug   

     10492        644        564       5160        360     371221   Grand Totals
     10492        644        564         60        360     371221   ELF Image Totals (compressed)
     10492        644        564         60          0          0   ROM Totals

==============================================================================

    Total RO  Size (Code + RO Data)                11056 (  10.80kB)
    Total RW  Size (RW Data + ZI Data)              5520 (   5.39kB)
    Total ROM Size (Code + RO Data + RW Data)      11116 (  10.86kB)

==============================================================================

